../Core/Src/main.c:149:5:main	24	static
../Core/Src/main.c:283:6:SystemClock_Config	88	static
../Core/Src/main.c:329:13:MX_ADC1_Init	24	static
../Core/Src/main.c:381:13:MX_ADC2_Init	24	static
../Core/Src/main.c:433:13:MX_I2C2_Init	8	static
../Core/Src/main.c:467:13:MX_TIM1_Init	56	static
../Core/Src/main.c:517:13:MX_TIM4_Init	48	static
../Core/Src/main.c:578:13:MX_TIM8_Init	56	static
../Core/Src/main.c:628:13:MX_USART2_UART_Init	8	static
../Core/Src/main.c:659:13:MX_DMA_Init	16	static
../Core/Src/main.c:681:13:MX_GPIO_Init	48	static
../Core/Src/main.c:734:20:Get_HADC1_Ptr	4	static
../Core/Src/main.c:739:6:print_RMotorSpeed	8	static
../Core/Src/main.c:747:6:print_sensorData	8	static
../Core/Src/main.c:790:6:Error_Handler	4	static,ignoring_inline_asm
