../Core/Src/main.c:95:5:main	8	static
../Core/Src/main.c:178:6:SystemClock_Config	88	static
../Core/Src/main.c:224:13:MX_ADC1_Init	24	static
../Core/Src/main.c:276:13:MX_I2C2_Init	8	static
../Core/Src/main.c:310:13:MX_TIM1_Init	56	static
../Core/Src/main.c:360:13:MX_TIM4_Init	48	static
../Core/Src/main.c:421:13:MX_TIM8_Init	56	static
../Core/Src/main.c:471:13:MX_USART2_UART_Init	8	static
../Core/Src/main.c:504:13:MX_USB_OTG_HS_PCD_Init	8	static
../Core/Src/main.c:540:13:MX_GPIO_Init	48	static
../Core/Src/main.c:593:20:Get_HADC1_Ptr	4	static
../Core/Src/main.c:604:6:Error_Handler	4	static,ignoring_inline_asm
