Archive member included to satisfy reference by file (symbol)

c:/st/stm32cubeide_1.12.1/stm32cubeide/plugins/com.st.stm32cube.ide.mcu.externaltools.gnu-tools-for-stm32.10.3-2021.10.win32_1.0.200.202301161003/tools/bin/../lib/gcc/arm-none-eabi/10.3.1/../../../../arm-none-eabi/lib/thumb/v7e-m+fp/hard\libc_nano.a(lib_a-errno.o)
                              ./Core/Src/syscalls.o (__errno)
c:/st/stm32cubeide_1.12.1/stm32cubeide/plugins/com.st.stm32cube.ide.mcu.externaltools.gnu-tools-for-stm32.10.3-2021.10.win32_1.0.200.202301161003/tools/bin/../lib/gcc/arm-none-eabi/10.3.1/../../../../arm-none-eabi/lib/thumb/v7e-m+fp/hard\libc_nano.a(lib_a-exit.o)
                              c:/st/stm32cubeide_1.12.1/stm32cubeide/plugins/com.st.stm32cube.ide.mcu.externaltools.gnu-tools-for-stm32.10.3-2021.10.win32_1.0.200.202301161003/tools/bin/../lib/gcc/arm-none-eabi/10.3.1/../../../../arm-none-eabi/lib/thumb/v7e-m+fp/hard/crt0.o (exit)
c:/st/stm32cubeide_1.12.1/stm32cubeide/plugins/com.st.stm32cube.ide.mcu.externaltools.gnu-tools-for-stm32.10.3-2021.10.win32_1.0.200.202301161003/tools/bin/../lib/gcc/arm-none-eabi/10.3.1/../../../../arm-none-eabi/lib/thumb/v7e-m+fp/hard\libc_nano.a(lib_a-impure.o)
                              c:/st/stm32cubeide_1.12.1/stm32cubeide/plugins/com.st.stm32cube.ide.mcu.externaltools.gnu-tools-for-stm32.10.3-2021.10.win32_1.0.200.202301161003/tools/bin/../lib/gcc/arm-none-eabi/10.3.1/../../../../arm-none-eabi/lib/thumb/v7e-m+fp/hard\libc_nano.a(lib_a-exit.o) (_global_impure_ptr)
c:/st/stm32cubeide_1.12.1/stm32cubeide/plugins/com.st.stm32cube.ide.mcu.externaltools.gnu-tools-for-stm32.10.3-2021.10.win32_1.0.200.202301161003/tools/bin/../lib/gcc/arm-none-eabi/10.3.1/../../../../arm-none-eabi/lib/thumb/v7e-m+fp/hard\libc_nano.a(lib_a-init.o)
                              c:/st/stm32cubeide_1.12.1/stm32cubeide/plugins/com.st.stm32cube.ide.mcu.externaltools.gnu-tools-for-stm32.10.3-2021.10.win32_1.0.200.202301161003/tools/bin/../lib/gcc/arm-none-eabi/10.3.1/../../../../arm-none-eabi/lib/thumb/v7e-m+fp/hard/crt0.o (__libc_init_array)
c:/st/stm32cubeide_1.12.1/stm32cubeide/plugins/com.st.stm32cube.ide.mcu.externaltools.gnu-tools-for-stm32.10.3-2021.10.win32_1.0.200.202301161003/tools/bin/../lib/gcc/arm-none-eabi/10.3.1/../../../../arm-none-eabi/lib/thumb/v7e-m+fp/hard\libc_nano.a(lib_a-memcpy-stub.o)
                              ./USB_DEVICE/App/usbd_cdc_if.o (memcpy)
c:/st/stm32cubeide_1.12.1/stm32cubeide/plugins/com.st.stm32cube.ide.mcu.externaltools.gnu-tools-for-stm32.10.3-2021.10.win32_1.0.200.202301161003/tools/bin/../lib/gcc/arm-none-eabi/10.3.1/../../../../arm-none-eabi/lib/thumb/v7e-m+fp/hard\libc_nano.a(lib_a-memset.o)
                              c:/st/stm32cubeide_1.12.1/stm32cubeide/plugins/com.st.stm32cube.ide.mcu.externaltools.gnu-tools-for-stm32.10.3-2021.10.win32_1.0.200.202301161003/tools/bin/../lib/gcc/arm-none-eabi/10.3.1/../../../../arm-none-eabi/lib/thumb/v7e-m+fp/hard/crt0.o (memset)
c:/st/stm32cubeide_1.12.1/stm32cubeide/plugins/com.st.stm32cube.ide.mcu.externaltools.gnu-tools-for-stm32.10.3-2021.10.win32_1.0.200.202301161003/tools/bin/../lib/gcc/arm-none-eabi/10.3.1/../../../../arm-none-eabi/lib/thumb/v7e-m+fp/hard\libc_nano.a(lib_a-nano-vfprintf_float.o)
                              (_printf_float)
c:/st/stm32cubeide_1.12.1/stm32cubeide/plugins/com.st.stm32cube.ide.mcu.externaltools.gnu-tools-for-stm32.10.3-2021.10.win32_1.0.200.202301161003/tools/bin/../lib/gcc/arm-none-eabi/10.3.1/../../../../arm-none-eabi/lib/thumb/v7e-m+fp/hard\libc_nano.a(lib_a-nano-vfprintf_i.o)
                              c:/st/stm32cubeide_1.12.1/stm32cubeide/plugins/com.st.stm32cube.ide.mcu.externaltools.gnu-tools-for-stm32.10.3-2021.10.win32_1.0.200.202301161003/tools/bin/../lib/gcc/arm-none-eabi/10.3.1/../../../../arm-none-eabi/lib/thumb/v7e-m+fp/hard\libc_nano.a(lib_a-nano-vfprintf_float.o) (_printf_common)
c:/st/stm32cubeide_1.12.1/stm32cubeide/plugins/com.st.stm32cube.ide.mcu.externaltools.gnu-tools-for-stm32.10.3-2021.10.win32_1.0.200.202301161003/tools/bin/../lib/gcc/arm-none-eabi/10.3.1/../../../../arm-none-eabi/lib/thumb/v7e-m+fp/hard\libc_nano.a(lib_a-printf.o)
                              ./Core/Src/mpu6500.o (printf)
c:/st/stm32cubeide_1.12.1/stm32cubeide/plugins/com.st.stm32cube.ide.mcu.externaltools.gnu-tools-for-stm32.10.3-2021.10.win32_1.0.200.202301161003/tools/bin/../lib/gcc/arm-none-eabi/10.3.1/../../../../arm-none-eabi/lib/thumb/v7e-m+fp/hard\libc_nano.a(lib_a-sprintf.o)
                              ./Core/Src/main.o (sprintf)
c:/st/stm32cubeide_1.12.1/stm32cubeide/plugins/com.st.stm32cube.ide.mcu.externaltools.gnu-tools-for-stm32.10.3-2021.10.win32_1.0.200.202301161003/tools/bin/../lib/gcc/arm-none-eabi/10.3.1/../../../../arm-none-eabi/lib/thumb/v7e-m+fp/hard\libc_nano.a(lib_a-strlen.o)
                              ./Core/Src/main.o (strlen)
[...]
Memory Configuration

Name             Origin             Length             Attributes
CCMRAM           0x0000000010000000 0x0000000000010000 xrw
RAM              0x0000000020000000 0x0000000000020000 xrw
FLASH            0x0000000008000000 0x0000000000100000 xr
*default*        0x0000000000000000 0xffffffffffffffff

Linker script and memory map

LOAD c:/st/stm32cubeide_1.12.1/stm32cubeide/plugins/com.st.stm32cube.ide.mcu.externaltools.gnu-tools-for-stm32.10.3-2021.10.win32_1.0.200.202301161003/tools/bin/../lib/gcc/arm-none-eabi/10.3.1/thumb/v7e-m+fp/hard/crti.o
LOAD c:/st/stm32cubeide_1.12.1/stm32cubeide/plugins/com.st.stm32cube.ide.mcu.externaltools.gnu-tools-for-stm32.10.3-2021.10.win32_1.0.200.202301161003/tools/bin/../lib/gcc/arm-none-eabi/10.3.1/thumb/v7e-m+fp/hard/crtbegin.o
LOAD c:/st/stm32cubeide_1.12.1/stm32cubeide/plugins/com.st.stm32cube.ide.mcu.externaltools.gnu-tools-for-stm32.10.3-2021.10.win32_1.0.200.202301161003/tools/bin/../lib/gcc/arm-none-eabi/10.3.1/../../../../arm-none-eabi/lib/thumb/v7e-m+fp/hard/crt0.o
LOAD ./Core/Src/delay.o
LOAD ./Core/Src/encoder.o
LOAD ./Core/Src/i2c.o
LOAD ./Core/Src/irs.o
LOAD ./Core/Src/main.o
LOAD ./Core/Src/motors.o
LOAD ./Core/Src/moving_average.o
LOAD ./Core/Src/mpu6500.o
LOAD ./Core/Src/pid.o
LOAD ./Core/Src/stm32f4xx_hal_msp.o
LOAD ./Core/Src/stm32f4xx_it.o
LOAD ./Core/Src/syscalls.o
LOAD ./Core/Src/sysmem.o
LOAD ./Core/Src/system_stm32f4xx.o
LOAD ./Core/Src/systick.o
LOAD ./Core/Src/vl6180x.o
LOAD ./Core/Startup/startup_stm32f405rgtx.o
LOAD ./Drivers/STM32F4xx_HAL_Driver/Src/stm32f4xx_hal.o
LOAD ./Drivers/STM32F4xx_HAL_Driver/Src/stm32f4xx_hal_adc.o
LOAD ./Drivers/STM32F4xx_HAL_Driver/Src/stm32f4xx_hal_adc_ex.o
LOAD ./Drivers/STM32F4xx_HAL_Driver/Src/stm32f4xx_hal_cortex.o
LOAD ./Drivers/STM32F4xx_HAL_Driver/Src/stm32f4xx_hal_dma.o
LOAD ./Drivers/STM32F4xx_HAL_Driver/Src/stm32f4xx_hal_dma_ex.o
LOAD ./Drivers/STM32F4xx_HAL_Driver/Src/stm32f4xx_hal_exti.o
LOAD ./Drivers/STM32F4xx_HAL_Driver/Src/stm32f4xx_hal_flash.o
LOAD ./Drivers/STM32F4xx_HAL_Driver/Src/stm32f4xx_hal_flash_ex.o
LOAD ./Drivers/STM32F4xx_HAL_Driver/Src/stm32f4xx_hal_flash_ramfunc.o
LOAD ./Drivers/STM32F4xx_HAL_Driver/Src/stm32f4xx_hal_gpio.o
LOAD ./Drivers/STM32F4xx_HAL_Driver/Src/stm32f4xx_hal_i2c.o
LOAD ./Drivers/STM32F4xx_HAL_Driver/Src/stm32f4xx_hal_i2c_ex.o
LOAD ./Drivers/STM32F4xx_HAL_Driver/Src/stm32f4xx_hal_pcd.o
LOAD ./Drivers/STM32F4xx_HAL_Driver/Src/stm32f4xx_hal_pcd_ex.o
LOAD ./Drivers/STM32F4xx_HAL_Driver/Src/stm32f4xx_hal_pwr.o
LOAD ./Drivers/STM32F4xx_HAL_Driver/Src/stm32f4xx_hal_pwr_ex.o
LOAD ./Drivers/STM32F4xx_HAL_Driver/Src/stm32f4xx_hal_rcc.o
LOAD ./Drivers/STM32F4xx_HAL_Driver/Src/stm32f4xx_hal_rcc_ex.o
LOAD ./Drivers/STM32F4xx_HAL_Driver/Src/stm32f4xx_hal_tim.o
LOAD ./Drivers/STM32F4xx_HAL_Driver/Src/stm32f4xx_hal_tim_ex.o
LOAD ./Drivers/STM32F4xx_HAL_Driver/Src/stm32f4xx_hal_uart.o
LOAD ./Drivers/STM32F4xx_HAL_Driver/Src/stm32f4xx_ll_adc.o
LOAD ./Drivers/STM32F4xx_HAL_Driver/Src/stm32f4xx_ll_usb.o
LOAD ./Middlewares/ST/STM32_USB_Device_Library/Class/CDC/Src/usbd_cdc.o
LOAD ./Middlewares/ST/STM32_USB_Device_Library/Core/Src/usbd_core.o
LOAD ./Middlewares/ST/STM32_USB_Device_Library/Core/Src/usbd_ctlreq.o
LOAD ./Middlewares/ST/STM32_USB_Device_Library/Core/Src/usbd_ioreq.o
LOAD ./USB_DEVICE/App/usb_device.o
LOAD ./USB_DEVICE/App/usbd_cdc_if.o
LOAD ./USB_DEVICE/App/usbd_desc.o
LOAD ./USB_DEVICE/Target/usbd_conf.o
START GROUP
LOAD c:/st/stm32cubeide_1.12.1/stm32cubeide/plugins/com.st.stm32cube.ide.mcu.externaltools.gnu-tools-for-stm32.10.3-2021.10.win32_1.0.200.202301161003/tools/bin/../lib/gcc/arm-none-eabi/10.3.1/../../../../arm-none-eabi/lib/thumb/v7e-m+fp/hard\libc_nano.a
LOAD c:/st/stm32cubeide_1.12.1/stm32cubeide/plugins/com.st.stm32cube.ide.mcu.externaltools.gnu-tools-for-stm32.10.3-2021.10.win32_1.0.200.202301161003/tools/bin/../lib/gcc/arm-none-eabi/10.3.1/../../../../arm-none-eabi/lib/thumb/v7e-m+fp/hard\libm.a
END GROUP
START GROUP
LOAD c:/st/stm32cubeide_1.12.1/stm32cubeide/plugins/com.st.stm32cube.ide.mcu.externaltools.gnu-tools-for-stm32.10.3-2021.10.win32_1.0.200.202301161003/tools/bin/../lib/gcc/arm-none-eabi/10.3.1/thumb/v7e-m+fp/hard\libgcc.a
LOAD c:/st/stm32cubeide_1.12.1/stm32cubeide/plugins/com.st.stm32cube.ide.mcu.externaltools.gnu-tools-for-stm32.10.3-2021.10.win32_1.0.200.202301161003/tools/bin/../lib/gcc/arm-none-eabi/10.3.1/../../../../arm-none-eabi/lib/thumb/v7e-m+fp/hard\libc_nano.a
END GROUP
START GROUP
LOAD c:/st/stm32cubeide_1.12.1/stm32cubeide/plugins/com.st.stm32cube.ide.mcu.externaltools.gnu-tools-for-stm32.10.3-2021.10.win32_1.0.200.202301161003/tools/bin/../lib/gcc/arm-none-eabi/10.3.1/thumb/v7e-m+fp/hard\libgcc.a
LOAD c:/st/stm32cubeide_1.12.1/stm32cubeide/plugins/com.st.stm32cube.ide.mcu.externaltools.gnu-tools-for-stm32.10.3-2021.10.win32_1.0.200.202301161003/tools/bin/../lib/gcc/arm-none-eabi/10.3.1/../../../../arm-none-eabi/lib/thumb/v7e-m+fp/hard\libc_nano.a
LOAD c:/st/stm32cubeide_1.12.1/stm32cubeide/plugins/com.st.stm32cube.ide.mcu.externaltools.gnu-tools-for-stm32.10.3-2021.10.win32_1.0.200.202301161003/tools/bin/../lib/gcc/arm-none-eabi/10.3.1/../../../../arm-none-eabi/lib/thumb/v7e-m+fp/hard\libnosys.a
END GROUP
START GROUP
LOAD c:/st/stm32cubeide_1.12.1/stm32cubeide/plugins/com.st.stm32cube.ide.mcu.externaltools.gnu-tools-for-stm32.10.3-2021.10.win32_1.0.200.202301161003/tools/bin/../lib/gcc/arm-none-eabi/10.3.1/thumb/v7e-m+fp/hard\libgcc.a
LOAD c:/st/stm32cubeide_1.12.1/stm32cubeide/plugins/com.st.stm32cube.ide.mcu.externaltools.gnu-tools-for-stm32.10.3-2021.10.win32_1.0.200.202301161003/tools/bin/../lib/gcc/arm-none-eabi/10.3.1/../../../../arm-none-eabi/lib/thumb/v7e-m+fp/hard\libc_nano.a
LOAD c:/st/stm32cubeide_1.12.1/stm32cubeide/plugins/com.st.stm32cube.ide.mcu.externaltools.gnu-tools-for-stm32.10.3-2021.10.win32_1.0.200.202301161003/tools/bin/../lib/gcc/arm-none-eabi/10.3.1/../../../../arm-none-eabi/lib/thumb/v7e-m+fp/hard\libnosys.a
END GROUP
LOAD c:/st/stm32cubeide_1.12.1/stm32cubeide/plugins/com.st.stm32cube.ide.mcu.externaltools.gnu-tools-for-stm32.10.3-2021.10.win32_1.0.200.202301161003/tools/bin/../lib/gcc/arm-none-eabi/10.3.1/thumb/v7e-m+fp/hard/crtend.o
LOAD c:/st/stm32cubeide_1.12.1/stm32cubeide/plugins/com.st.stm32cube.ide.mcu.externaltools.gnu-tools-for-stm32.10.3-2021.10.win32_1.0.200.202301161003/tools/bin/../lib/gcc/arm-none-eabi/10.3.1/thumb/v7e-m+fp/hard/crtn.o
                0x0000000020020000                _estack = (ORIGIN (RAM) + LENGTH (RAM))
                0x0000000000000200                _Min_Heap_Size = 0x200
                0x0000000000000400                _Min_Stack_Size = 0x400

.isr_vector     0x0000000008000000      0x188
                0x0000000008000000                . = ALIGN (0x4)
 *(.isr_vector)
 .isr_vector    0x0000000008000000      0x188 ./Core/Startup/startup_stm32f405rgtx.o
                0x0000000008000000                g_pfnVectors
                0x0000000008000188                . = ALIGN (0x4)

.text           0x0000000008000190    0x100c0
                0x0000000008000190                . = ALIGN (0x4)
 *(.text)
 .text          0x0000000008000190       0x40 c:/st/stm32cubeide_1.12.1/stm32cubeide/plugins/com.st.stm32cube.ide.mcu.externaltools.gnu-tools-for-stm32.10.3-2021.10.win32_1.0.200.202301161003/tools/bin/../lib/gcc/arm-none-eabi/10.3.1/thumb/v7e-m+fp/hard/crtbegin.o
 .text          0x00000000080001d0       0x10 c:/st/stm32cubeide_1.12.1/stm32cubeide/plugins/com.st.stm32cube.ide.mcu.externaltools.gnu-tools-for-stm32.10.3-2021.10.win32_1.0.200.202301161003/tools/bin/../lib/gcc/arm-none-eabi/10.3.1/../../../../arm-none-eabi/lib/thumb/v7e-m+fp/hard\libc_nano.a(lib_a-strlen.o)
                0x00000000080001d0                strlen
 .text          0x00000000080001e0       0xa0 c:/st/stm32cubeide_1.12.1/stm32cubeide/plugins/com.st.stm32cube.ide.mcu.externaltools.gnu-tools-for-stm32.10.3-2021.10.win32_1.0.200.202301161003/tools/bin/../lib/gcc/arm-none-eabi/10.3.1/../../../../arm-none-eabi/lib/thumb/v7e-m+fp/hard\libc_nano.a(lib_a-memchr.o)
                0x00000000080001e0                memchr
 .text          0x0000000008000280      0x378 c:/st/stm32cubeide_1.12.1/stm32cubeide/plugins/com.st.stm32cube.ide.mcu.externaltools.gnu-tools-for-stm32.10.3-2021.10.win32_1.0.200.202301161003/tools/bin/../lib/gcc/arm-none-eabi/10.3.1/thumb/v7e-m+fp/hard\libgcc.a(_arm_addsubdf3.o)
                0x0000000008000280                __aeabi_drsub
                0x0000000008000288                __aeabi_dsub
                0x0000000008000288                __subdf3
                0x000000000800028c                __aeabi_dadd
                0x000000000800028c                __adddf3
                0x0000000008000504                __floatunsidf
                0x0000000008000504                __aeabi_ui2d
                0x0000000008000524                __floatsidf
                0x0000000008000524                __aeabi_i2d
                0x0000000008000548                __aeabi_f2d
                0x0000000008000548                __extendsfdf2
                0x000000000800058c                __floatundidf
                0x000000000800058c                __aeabi_ul2d
                0x000000000800059c                __floatdidf
                0x000000000800059c                __aeabi_l2d
 .text          0x00000000080005f8      0x424 c:/st/stm32cubeide_1.12.1/stm32cubeide/plugins/com.st.stm32cube.ide.mcu.externaltools.gnu-tools-for-stm32.10.3-2021.10.win32_1.0.200.202301161003/tools/bin/../lib/gcc/arm-none-eabi/10.3.1/thumb/v7e-m+fp/hard\libgcc.a(_arm_muldivdf3.o)
                0x00000000080005f8                __aeabi_dmul
                0x00000000080005f8                __muldf3
                0x000000000800084c                __divdf3
                0x000000000800084c                __aeabi_ddiv
 .text          0x0000000008000a1c      0x110 c:/st/stm32cubeide_1.12.1/stm32cubeide/plugins/com.st.stm32cube.ide.mcu.externaltools.gnu-tools-for-stm32.10.3-2021.10.win32_1.0.200.202301161003/tools/bin/../lib/gcc/arm-none-eabi/10.3.1/thumb/v7e-m+fp/hard\libgcc.a(_arm_cmpdf2.o)
                0x0000000008000a1c                __gtdf2
                0x0000000008000a1c                __gedf2
                0x0000000008000a24                __ltdf2
                0x0000000008000a24                __ledf2
                0x0000000008000a2c                __nedf2
                0x0000000008000a2c                __eqdf2
                0x0000000008000a2c                __cmpdf2
                0x0000000008000aa8                __aeabi_cdrcmple
                0x0000000008000ab8                __aeabi_cdcmpeq
                0x0000000008000ab8                __aeabi_cdcmple
                0x0000000008000ac8                __aeabi_dcmpeq
                0x0000000008000adc                __aeabi_dcmplt
                0x0000000008000af0                __aeabi_dcmple
                0x0000000008000b04                __aeabi_dcmpge
                0x0000000008000b18                __aeabi_dcmpgt
 .text          0x0000000008000b2c       0x2c c:/st/stm32cubeide_1.12.1/stm32cubeide/plugins/com.st.stm32cube.ide.mcu.externaltools.gnu-tools-for-stm32.10.3-2021.10.win32_1.0.200.202301161003/tools/bin/../lib/gcc/arm-none-eabi/10.3.1/thumb/v7e-m+fp/hard\libgcc.a(_arm_unorddf2.o)
                0x0000000008000b2c                __unorddf2
                0x0000000008000b2c                __aeabi_dcmpun
 .text          0x0000000008000b58       0x50 c:/st/stm32cubeide_1.12.1/stm32cubeide/plugins/com.st.stm32cube.ide.mcu.externaltools.gnu-tools-for-stm32.10.3-2021.10.win32_1.0.200.202301161003/tools/bin/../lib/gcc/arm-none-eabi/10.3.1/thumb/v7e-m+fp/hard\libgcc.a(_arm_fixdfsi.o)
                0x0000000008000b58                __aeabi_d2iz
                0x0000000008000b58                __fixdfsi
 .text          0x0000000008000ba8       0xa0 c:/st/stm32cubeide_1.12.1/stm32cubeide/plugins/com.st.stm32cube.ide.mcu.externaltools.gnu-tools-for-stm32.10.3-2021.10.win32_1.0.200.202301161003/tools/bin/../lib/gcc/arm-none-eabi/10.3.1/thumb/v7e-m+fp/hard\libgcc.a(_arm_truncdfsf2.o)
                0x0000000008000ba8                __truncdfsf2
                0x0000000008000ba8                __aeabi_d2f
 .text          0x0000000008000c48       0x30 c:/st/stm32cubeide_1.12.1/stm32cubeide/plugins/com.st.stm32cube.ide.mcu.externaltools.gnu-tools-for-stm32.10.3-2021.10.win32_1.0.200.202301161003/tools/bin/../lib/gcc/arm-none-eabi/10.3.1/thumb/v7e-m+fp/hard\libgcc.a(_aeabi_uldivmod.o)
                0x0000000008000c48                __aeabi_uldivmod
 .text          0x0000000008000c78      0x2d0 c:/st/stm32cubeide_1.12.1/stm32cubeide/plugins/com.st.stm32cube.ide.mcu.externaltools.gnu-tools-for-stm32.10.3-2021.10.win32_1.0.200.202301161003/tools/bin/../lib/gcc/arm-none-eabi/10.3.1/thumb/v7e-m+fp/hard\libgcc.a(_udivmoddi4.o)
                0x0000000008000c78                __udivmoddi4
 .text          0x0000000008000f48        0x4 c:/st/stm32cubeide_1.12.1/stm32cubeide/plugins/com.st.stm32cube.ide.mcu.externaltools.gnu-tools-for-stm32.10.3-2021.10.win32_1.0.200.202301161003/tools/bin/../lib/gcc/arm-none-eabi/10.3.1/thumb/v7e-m+fp/hard\libgcc.a(_dvmd_tls.o)
                0x0000000008000f48                __aeabi_idiv0
                0x0000000008000f48                __aeabi_ldiv0
 *(.text*)
 .text.Delay_Init
                0x0000000008000f4c       0x40 ./Core/Src/delay.o
                0x0000000008000f4c                Delay_Init
 *fill*         0x0000000008000f8c        0x4 
 .text.update_encoder
                0x0000000008000f90      0x1b8 ./Core/Src/encoder.o
                0x0000000008000f90                update_encoder
 .text.readIR   0x0000000008001148       0xc4 ./Core/Src/irs.o
                0x0000000008001148                readIR
 .text.analogRead
                0x000000000800120c       0xd0 ./Core/Src/irs.o
                0x000000000800120c                analogRead
 .text.HAL_ADC_ConvCpltCallback
                0x00000000080012dc       0x20 ./Core/Src/irs.o
                0x00000000080012dc                HAL_ADC_ConvCpltCallback
 *fill*         0x00000000080012fc        0x4 
 .text.main     0x0000000008001300      0x2a4 ./Core/Src/main.o
                0x0000000008001300                main
 .text.SystemClock_Config
                0x00000000080015a4       0xd4 ./Core/Src/main.o
                0x00000000080015a4                SystemClock_Config
 .text.MX_ADC1_Init
                0x0000000008001678       0xa4 ./Core/Src/main.o
 .text.MX_ADC2_Init
                0x000000000800171c       0xa4 ./Core/Src/main.o
 .text.MX_I2C2_Init
                0x00000000080017c0       0x5c ./Core/Src/main.o
 .text.MX_TIM1_Init
                0x000000000800181c       0xb0 ./Core/Src/main.o
 .text.MX_TIM4_Init
                0x00000000080018cc       0xf4 ./Core/Src/main.o
 .text.MX_TIM8_Init
                0x00000000080019c0       0xb0 ./Core/Src/main.o
 .text.MX_USART2_UART_Init
                0x0000000008001a70       0x54 ./Core/Src/main.o
 .text.MX_DMA_Init
                0x0000000008001ac4       0x6c ./Core/Src/main.o
 .text.MX_GPIO_Init
                0x0000000008001b30      0x130 ./Core/Src/main.o
 .text.Get_HADC1_Ptr
                0x0000000008001c60       0x14 ./Core/Src/main.o
                0x0000000008001c60                Get_HADC1_Ptr
 .text.print_sensorData
                0x0000000008001c74      0x264 ./Core/Src/main.o
                0x0000000008001c74                print_sensorData
 .text.Error_Handler
                0x0000000008001ed8        0xa ./Core/Src/main.o
                0x0000000008001ed8                Error_Handler
 *fill*         0x0000000008001ee2        0x2 
 .text.limitPWM
                0x0000000008001ee4       0x50 ./Core/Src/motors.o
                0x0000000008001ee4                limitPWM
 .text.setMotorLPWM
                0x0000000008001f34       0x7c ./Core/Src/motors.o
                0x0000000008001f34                setMotorLPWM
 .text.setMotorRPWM
                0x0000000008001fb0       0x7c ./Core/Src/motors.o
                0x0000000008001fb0                setMotorRPWM
 .text.apply_average_filter
                0x000000000800202c       0xac ./Core/Src/moving_average.o
                0x000000000800202c                apply_average_filter
 .text.mpu6500_init
                0x00000000080020d8       0xf4 ./Core/Src/mpu6500.o
                0x00000000080020d8                mpu6500_init
 *fill*         0x00000000080021cc        0x4 
 .text.mpu6500_read
                0x00000000080021d0      0x1b0 ./Core/Src/mpu6500.o
                0x00000000080021d0                mpu6500_read
 .text.PID_Init
                0x0000000008002380       0x74 ./Core/Src/pid.o
                0x0000000008002380                PID_Init
 *fill*         0x00000000080023f4        0x4 
 .text.PID      0x00000000080023f8       0x98 ./Core/Src/pid.o
                0x00000000080023f8                PID
 .text.PID_Compute
                0x0000000008002490      0x1d4 ./Core/Src/pid.o
                0x0000000008002490                PID_Compute
 .text.PID_SetMode
                0x0000000008002664       0x3c ./Core/Src/pid.o
                0x0000000008002664                PID_SetMode
 .text.PID_SetOutputLimits
                0x00000000080026a0       0xdc ./Core/Src/pid.o
                0x00000000080026a0                PID_SetOutputLimits
 .text.PID_SetTunings2
                0x000000000800277c      0x150 ./Core/Src/pid.o
                0x000000000800277c                PID_SetTunings2
 .text.PID_SetControllerDirection
                0x00000000080028cc       0x80 ./Core/Src/pid.o
                0x00000000080028cc                PID_SetControllerDirection
 .text.PID_SetSampleTime
                0x000000000800294c       0x76 ./Core/Src/pid.o
                0x000000000800294c                PID_SetSampleTime
 *fill*         0x00000000080029c2        0x2 
 .text.HAL_MspInit
                0x00000000080029c4       0x50 ./Core/Src/stm32f4xx_hal_msp.o
                0x00000000080029c4                HAL_MspInit
 .text.HAL_ADC_MspInit
                0x0000000008002a14      0x154 ./Core/Src/stm32f4xx_hal_msp.o
                0x0000000008002a14                HAL_ADC_MspInit
 .text.HAL_I2C_MspInit
                0x0000000008002b68       0x90 ./Core/Src/stm32f4xx_hal_msp.o
                0x0000000008002b68                HAL_I2C_MspInit
 .text.HAL_TIM_Encoder_MspInit
                0x0000000008002bf8      0x10c ./Core/Src/stm32f4xx_hal_msp.o
                0x0000000008002bf8                HAL_TIM_Encoder_MspInit
 .text.HAL_TIM_PWM_MspInit
                0x0000000008002d04       0x44 ./Core/Src/stm32f4xx_hal_msp.o
                0x0000000008002d04                HAL_TIM_PWM_MspInit
 .text.HAL_TIM_MspPostInit
                0x0000000008002d48       0x74 ./Core/Src/stm32f4xx_hal_msp.o
                0x0000000008002d48                HAL_TIM_MspPostInit
 .text.HAL_UART_MspInit
                0x0000000008002dbc       0xf4 ./Core/Src/stm32f4xx_hal_msp.o
                0x0000000008002dbc                HAL_UART_MspInit
 .text.NMI_Handler
                0x0000000008002eb0        0x6 ./Core/Src/stm32f4xx_it.o
                0x0000000008002eb0                NMI_Handler
 .text.HardFault_Handler
                0x0000000008002eb6        0x6 ./Core/Src/stm32f4xx_it.o
                0x0000000008002eb6                HardFault_Handler
 .text.MemManage_Handler
                0x0000000008002ebc        0x6 ./Core/Src/stm32f4xx_it.o
                0x0000000008002ebc                MemManage_Handler
 .text.BusFault_Handler
                0x0000000008002ec2        0x6 ./Core/Src/stm32f4xx_it.o
                0x0000000008002ec2                BusFault_Handler
 .text.UsageFault_Handler
                0x0000000008002ec8        0x6 ./Core/Src/stm32f4xx_it.o
                0x0000000008002ec8                UsageFault_Handler
 .text.SVC_Handler
                0x0000000008002ece        0xe ./Core/Src/stm32f4xx_it.o
                0x0000000008002ece                SVC_Handler
 .text.DebugMon_Handler
                0x0000000008002edc        0xe ./Core/Src/stm32f4xx_it.o
                0x0000000008002edc                DebugMon_Handler
 .text.PendSV_Handler
                0x0000000008002eea        0xe ./Core/Src/stm32f4xx_it.o
                0x0000000008002eea                PendSV_Handler
 .text.SysTick_Handler
                0x0000000008002ef8       0x10 ./Core/Src/stm32f4xx_it.o
                0x0000000008002ef8                SysTick_Handler
 .text.DMA1_Stream6_IRQHandler
                0x0000000008002f08       0x14 ./Core/Src/stm32f4xx_it.o
                0x0000000008002f08                DMA1_Stream6_IRQHandler
 .text.TIM8_UP_TIM13_IRQHandler
                0x0000000008002f1c       0x14 ./Core/Src/stm32f4xx_it.o
                0x0000000008002f1c                TIM8_UP_TIM13_IRQHandler
 .text.DMA2_Stream0_IRQHandler
                0x0000000008002f30       0x14 ./Core/Src/stm32f4xx_it.o
                0x0000000008002f30                DMA2_Stream0_IRQHandler
 .text.OTG_HS_IRQHandler
                0x0000000008002f44       0x14 ./Core/Src/stm32f4xx_it.o
                0x0000000008002f44                OTG_HS_IRQHandler
 .text._getpid  0x0000000008002f58       0x10 ./Core/Src/syscalls.o
                0x0000000008002f58                _getpid
 .text._kill    0x0000000008002f68       0x20 ./Core/Src/syscalls.o
                0x0000000008002f68                _kill
 .text._exit    0x0000000008002f88       0x14 ./Core/Src/syscalls.o
                0x0000000008002f88                _exit
 .text._read    0x0000000008002f9c       0x3a ./Core/Src/syscalls.o
                0x0000000008002f9c                _read
 .text._write   0x0000000008002fd6       0x38 ./Core/Src/syscalls.o
                0x0000000008002fd6                _write
 .text._close   0x000000000800300e       0x18 ./Core/Src/syscalls.o
                0x000000000800300e                _close
 .text._fstat   0x0000000008003026       0x20 ./Core/Src/syscalls.o
                0x0000000008003026                _fstat
 .text._isatty  0x0000000008003046       0x16 ./Core/Src/syscalls.o
                0x0000000008003046                _isatty
 .text._lseek   0x000000000800305c       0x1a ./Core/Src/syscalls.o
                0x000000000800305c                _lseek
 *fill*         0x0000000008003076        0x2 
 .text._sbrk    0x0000000008003078       0x6c ./Core/Src/sysmem.o
                0x0000000008003078                _sbrk
 .text.SystemInit
                0x00000000080030e4       0x24 ./Core/Src/system_stm32f4xx.o
                0x00000000080030e4                SystemInit
 .text.SysTickFunction
                0x0000000008003108      0x118 ./Core/Src/systick.o
                0x0000000008003108                SysTickFunction
 .text.Reset_Handler
                0x0000000008003220       0x50 ./Core/Startup/startup_stm32f405rgtx.o
                0x0000000008003220                Reset_Handler
 .text.Default_Handler
                0x0000000008003270        0x2 ./Core/Startup/startup_stm32f405rgtx.o
                0x0000000008003270                RTC_Alarm_IRQHandler
                0x0000000008003270                HASH_RNG_IRQHandler
                0x0000000008003270                EXTI2_IRQHandler
                0x0000000008003270                TIM8_CC_IRQHandler
                0x0000000008003270                TIM1_CC_IRQHandler
                0x0000000008003270                DMA2_Stream5_IRQHandler
                0x0000000008003270                DMA1_Stream5_IRQHandler
                0x0000000008003270                PVD_IRQHandler
                0x0000000008003270                SDIO_IRQHandler
                0x0000000008003270                TAMP_STAMP_IRQHandler
                0x0000000008003270                CAN2_RX1_IRQHandler
                0x0000000008003270                EXTI3_IRQHandler
                0x0000000008003270                TIM8_TRG_COM_TIM14_IRQHandler
                0x0000000008003270                TIM1_UP_TIM10_IRQHandler
                0x0000000008003270                I2C3_ER_IRQHandler
                0x0000000008003270                EXTI0_IRQHandler
                0x0000000008003270                I2C2_EV_IRQHandler
                0x0000000008003270                DMA1_Stream2_IRQHandler
                0x0000000008003270                CAN1_RX0_IRQHandler
                0x0000000008003270                FPU_IRQHandler
                0x0000000008003270                OTG_HS_WKUP_IRQHandler
                0x0000000008003270                CAN2_SCE_IRQHandler
                0x0000000008003270                DMA2_Stream2_IRQHandler
                0x0000000008003270                SPI1_IRQHandler
                0x0000000008003270                TIM6_DAC_IRQHandler
                0x0000000008003270                TIM1_BRK_TIM9_IRQHandler
                0x0000000008003270                CAN2_RX0_IRQHandler
                0x0000000008003270                DMA2_Stream3_IRQHandler
                0x0000000008003270                USART6_IRQHandler
                0x0000000008003270                USART3_IRQHandler
                0x0000000008003270                CAN1_RX1_IRQHandler
                0x0000000008003270                UART5_IRQHandler
                0x0000000008003270                TIM4_IRQHandler
                0x0000000008003270                I2C1_EV_IRQHandler
                0x0000000008003270                DMA1_Stream1_IRQHandler
                0x0000000008003270                UART4_IRQHandler
                0x0000000008003270                TIM3_IRQHandler
                0x0000000008003270                RCC_IRQHandler
                0x0000000008003270                TIM8_BRK_TIM12_IRQHandler
                0x0000000008003270                Default_Handler
                0x0000000008003270                EXTI15_10_IRQHandler
                0x0000000008003270                ADC_IRQHandler
                0x0000000008003270                DMA1_Stream7_IRQHandler
                0x0000000008003270                TIM7_IRQHandler
                0x0000000008003270                CAN2_TX_IRQHandler
                0x0000000008003270                TIM5_IRQHandler
                0x0000000008003270                DMA2_Stream7_IRQHandler
                0x0000000008003270                I2C3_EV_IRQHandler
                0x0000000008003270                EXTI9_5_IRQHandler
                0x0000000008003270                RTC_WKUP_IRQHandler
                0x0000000008003270                SPI2_IRQHandler
                0x0000000008003270                OTG_HS_EP1_IN_IRQHandler
                0x0000000008003270                DMA1_Stream0_IRQHandler
                0x0000000008003270                CAN1_TX_IRQHandler
                0x0000000008003270                EXTI4_IRQHandler
                0x0000000008003270                FSMC_IRQHandler
                0x0000000008003270                OTG_HS_EP1_OUT_IRQHandler
                0x0000000008003270                WWDG_IRQHandler
                0x0000000008003270                TIM2_IRQHandler
                0x0000000008003270                OTG_FS_WKUP_IRQHandler
                0x0000000008003270                TIM1_TRG_COM_TIM11_IRQHandler
                0x0000000008003270                EXTI1_IRQHandler
                0x0000000008003270                USART2_IRQHandler
                0x0000000008003270                I2C2_ER_IRQHandler
                0x0000000008003270                DMA2_Stream1_IRQHandler
                0x0000000008003270                CAN1_SCE_IRQHandler
                0x0000000008003270                FLASH_IRQHandler
                0x0000000008003270                DMA2_Stream4_IRQHandler
                0x0000000008003270                USART1_IRQHandler
                0x0000000008003270                OTG_FS_IRQHandler
                0x0000000008003270                SPI3_IRQHandler
                0x0000000008003270                DMA1_Stream4_IRQHandler
                0x0000000008003270                I2C1_ER_IRQHandler
                0x0000000008003270                DMA2_Stream6_IRQHandler
                0x0000000008003270                DMA1_Stream3_IRQHandler
 *fill*         0x0000000008003272        0x2 
 .text.HAL_Init
                0x0000000008003274       0x44 ./Drivers/STM32F4xx_HAL_Driver/Src/stm32f4xx_hal.o
                0x0000000008003274                HAL_Init
 .text.HAL_InitTick
                0x00000000080032b8       0x60 ./Drivers/STM32F4xx_HAL_Driver/Src/stm32f4xx_hal.o
                0x00000000080032b8                HAL_InitTick
 .text.HAL_IncTick
                0x0000000008003318       0x28 ./Drivers/STM32F4xx_HAL_Driver/Src/stm32f4xx_hal.o
                0x0000000008003318                HAL_IncTick
 .text.HAL_GetTick
                0x0000000008003340       0x18 ./Drivers/STM32F4xx_HAL_Driver/Src/stm32f4xx_hal.o
                0x0000000008003340                HAL_GetTick
 .text.HAL_Delay
                0x0000000008003358       0x48 ./Drivers/STM32F4xx_HAL_Driver/Src/stm32f4xx_hal.o
                0x0000000008003358                HAL_Delay
 .text.HAL_ADC_Init
                0x00000000080033a0       0x86 ./Drivers/STM32F4xx_HAL_Driver/Src/stm32f4xx_hal_adc.o
                0x00000000080033a0                HAL_ADC_Init
 *fill*         0x0000000008003426        0x2 
 .text.HAL_ADC_Start
                0x0000000008003428      0x1a4 ./Drivers/STM32F4xx_HAL_Driver/Src/stm32f4xx_hal_adc.o
                0x0000000008003428                HAL_ADC_Start
 .text.HAL_ADC_Start_DMA
                0x00000000080035cc      0x220 ./Drivers/STM32F4xx_HAL_Driver/Src/stm32f4xx_hal_adc.o
                0x00000000080035cc                HAL_ADC_Start_DMA
 .text.HAL_ADC_Stop_DMA
                0x00000000080037ec       0xb4 ./Drivers/STM32F4xx_HAL_Driver/Src/stm32f4xx_hal_adc.o
                0x00000000080037ec                HAL_ADC_Stop_DMA
 .text.HAL_ADC_GetValue
                0x00000000080038a0       0x1a ./Drivers/STM32F4xx_HAL_Driver/Src/stm32f4xx_hal_adc.o
                0x00000000080038a0                HAL_ADC_GetValue
 .text.HAL_ADC_ConvHalfCpltCallback
                0x00000000080038ba       0x14 ./Drivers/STM32F4xx_HAL_Driver/Src/stm32f4xx_hal_adc.o
                0x00000000080038ba                HAL_ADC_ConvHalfCpltCallback
 .text.HAL_ADC_ErrorCallback
                0x00000000080038ce       0x14 ./Drivers/STM32F4xx_HAL_Driver/Src/stm32f4xx_hal_adc.o
                0x00000000080038ce                HAL_ADC_ErrorCallback
 *fill*         0x00000000080038e2        0x2 
 .text.HAL_ADC_ConfigChannel
                0x00000000080038e4      0x244 ./Drivers/STM32F4xx_HAL_Driver/Src/stm32f4xx_hal_adc.o
                0x00000000080038e4                HAL_ADC_ConfigChannel
 .text.ADC_Init
                0x0000000008003b28      0x1f8 ./Drivers/STM32F4xx_HAL_Driver/Src/stm32f4xx_hal_adc.o
 .text.ADC_DMAConvCplt
                0x0000000008003d20       0xba ./Drivers/STM32F4xx_HAL_Driver/Src/stm32f4xx_hal_adc.o
 .text.ADC_DMAHalfConvCplt
                0x0000000008003dda       0x1c ./Drivers/STM32F4xx_HAL_Driver/Src/stm32f4xx_hal_adc.o
 .text.ADC_DMAError
                0x0000000008003df6       0x2e ./Drivers/STM32F4xx_HAL_Driver/Src/stm32f4xx_hal_adc.o
 .text.__NVIC_SetPriorityGrouping
                0x0000000008003e24       0x48 ./Drivers/STM32F4xx_HAL_Driver/Src/stm32f4xx_hal_cortex.o
 .text.__NVIC_GetPriorityGrouping
                0x0000000008003e6c       0x1c ./Drivers/STM32F4xx_HAL_Driver/Src/stm32f4xx_hal_cortex.o
 .text.__NVIC_EnableIRQ
                0x0000000008003e88       0x3c ./Drivers/STM32F4xx_HAL_Driver/Src/stm32f4xx_hal_cortex.o
 .text.__NVIC_SetPriority
                0x0000000008003ec4       0x54 ./Drivers/STM32F4xx_HAL_Driver/Src/stm32f4xx_hal_cortex.o
 .text.NVIC_EncodePriority
                0x0000000008003f18       0x66 ./Drivers/STM32F4xx_HAL_Driver/Src/stm32f4xx_hal_cortex.o
 *fill*         0x0000000008003f7e        0x2 
 .text.SysTick_Config
                0x0000000008003f80       0x44 ./Drivers/STM32F4xx_HAL_Driver/Src/stm32f4xx_hal_cortex.o
 .text.HAL_NVIC_SetPriorityGrouping
                0x0000000008003fc4       0x16 ./Drivers/STM32F4xx_HAL_Driver/Src/stm32f4xx_hal_cortex.o
                0x0000000008003fc4                HAL_NVIC_SetPriorityGrouping
 .text.HAL_NVIC_SetPriority
                0x0000000008003fda       0x38 ./Drivers/STM32F4xx_HAL_Driver/Src/stm32f4xx_hal_cortex.o
                0x0000000008003fda                HAL_NVIC_SetPriority
 .text.HAL_NVIC_EnableIRQ
                0x0000000008004012       0x1c ./Drivers/STM32F4xx_HAL_Driver/Src/stm32f4xx_hal_cortex.o
                0x0000000008004012                HAL_NVIC_EnableIRQ
 .text.HAL_SYSTICK_Config
                0x000000000800402e       0x18 ./Drivers/STM32F4xx_HAL_Driver/Src/stm32f4xx_hal_cortex.o
                0x000000000800402e                HAL_SYSTICK_Config
 *fill*         0x0000000008004046        0x2 
 .text.HAL_DMA_Init
                0x0000000008004048      0x15c ./Drivers/STM32F4xx_HAL_Driver/Src/stm32f4xx_hal_dma.o
                0x0000000008004048                HAL_DMA_Init
 .text.HAL_DMA_Start_IT
                0x00000000080041a4       0xb0 ./Drivers/STM32F4xx_HAL_Driver/Src/stm32f4xx_hal_dma.o
                0x00000000080041a4                HAL_DMA_Start_IT
 .text.HAL_DMA_Abort
                0x0000000008004254       0xe0 ./Drivers/STM32F4xx_HAL_Driver/Src/stm32f4xx_hal_dma.o
                0x0000000008004254                HAL_DMA_Abort
 .text.HAL_DMA_IRQHandler
                0x0000000008004334      0x314 ./Drivers/STM32F4xx_HAL_Driver/Src/stm32f4xx_hal_dma.o
                0x0000000008004334                HAL_DMA_IRQHandler
 .text.DMA_SetConfig
                0x0000000008004648       0x5c ./Drivers/STM32F4xx_HAL_Driver/Src/stm32f4xx_hal_dma.o
 .text.DMA_CalcBaseAndBitshift
                0x00000000080046a4       0x6c ./Drivers/STM32F4xx_HAL_Driver/Src/stm32f4xx_hal_dma.o
 .text.DMA_CheckFifoParam
                0x0000000008004710       0xf8 ./Drivers/STM32F4xx_HAL_Driver/Src/stm32f4xx_hal_dma.o
 .text.HAL_GPIO_Init
                0x0000000008004808      0x338 ./Drivers/STM32F4xx_HAL_Driver/Src/stm32f4xx_hal_gpio.o
                0x0000000008004808                HAL_GPIO_Init
 .text.HAL_GPIO_ReadPin
                0x0000000008004b40       0x30 ./Drivers/STM32F4xx_HAL_Driver/Src/stm32f4xx_hal_gpio.o
                0x0000000008004b40                HAL_GPIO_ReadPin
 .text.HAL_GPIO_WritePin
                0x0000000008004b70       0x32 ./Drivers/STM32F4xx_HAL_Driver/Src/stm32f4xx_hal_gpio.o
                0x0000000008004b70                HAL_GPIO_WritePin
 .text.HAL_GPIO_TogglePin
                0x0000000008004ba2       0x34 ./Drivers/STM32F4xx_HAL_Driver/Src/stm32f4xx_hal_gpio.o
                0x0000000008004ba2                HAL_GPIO_TogglePin
 *fill*         0x0000000008004bd6        0x2 
 .text.HAL_I2C_Init
                0x0000000008004bd8      0x288 ./Drivers/STM32F4xx_HAL_Driver/Src/stm32f4xx_hal_i2c.o
                0x0000000008004bd8                HAL_I2C_Init
 .text.HAL_I2C_Mem_Write
                0x0000000008004e60      0x1f4 ./Drivers/STM32F4xx_HAL_Driver/Src/stm32f4xx_hal_i2c.o
                0x0000000008004e60                HAL_I2C_Mem_Write
 .text.HAL_I2C_Mem_Read
                0x0000000008005054      0x44c ./Drivers/STM32F4xx_HAL_Driver/Src/stm32f4xx_hal_i2c.o
                0x0000000008005054                HAL_I2C_Mem_Read
 .text.HAL_I2C_IsDeviceReady
                0x00000000080054a0      0x25c ./Drivers/STM32F4xx_HAL_Driver/Src/stm32f4xx_hal_i2c.o
                0x00000000080054a0                HAL_I2C_IsDeviceReady
 .text.I2C_RequestMemoryWrite
                0x00000000080056fc      0x12c ./Drivers/STM32F4xx_HAL_Driver/Src/stm32f4xx_hal_i2c.o
 .text.I2C_RequestMemoryRead
                0x0000000008005828      0x1d0 ./Drivers/STM32F4xx_HAL_Driver/Src/stm32f4xx_hal_i2c.o
 .text.I2C_WaitOnFlagUntilTimeout
                0x00000000080059f8       0xae ./Drivers/STM32F4xx_HAL_Driver/Src/stm32f4xx_hal_i2c.o
 .text.I2C_WaitOnMasterAddressFlagUntilTimeout
                0x0000000008005aa6       0xfe ./Drivers/STM32F4xx_HAL_Driver/Src/stm32f4xx_hal_i2c.o
 .text.I2C_WaitOnTXEFlagUntilTimeout
                0x0000000008005ba4       0x82 ./Drivers/STM32F4xx_HAL_Driver/Src/stm32f4xx_hal_i2c.o
 .text.I2C_WaitOnBTFFlagUntilTimeout
                0x0000000008005c26       0x82 ./Drivers/STM32F4xx_HAL_Driver/Src/stm32f4xx_hal_i2c.o
 .text.I2C_WaitOnRXNEFlagUntilTimeout
                0x0000000008005ca8       0xac ./Drivers/STM32F4xx_HAL_Driver/Src/stm32f4xx_hal_i2c.o
 .text.I2C_IsAcknowledgeFailed
                0x0000000008005d54       0x5e ./Drivers/STM32F4xx_HAL_Driver/Src/stm32f4xx_hal_i2c.o
 .text.HAL_PCD_Init
                0x0000000008005db2      0x23a ./Drivers/STM32F4xx_HAL_Driver/Src/stm32f4xx_hal_pcd.o
                0x0000000008005db2                HAL_PCD_Init
 .text.HAL_PCD_Start
                0x0000000008005fec       0x66 ./Drivers/STM32F4xx_HAL_Driver/Src/stm32f4xx_hal_pcd.o
                0x0000000008005fec                HAL_PCD_Start
 .text.HAL_PCD_IRQHandler
                0x0000000008006052      0x93e ./Drivers/STM32F4xx_HAL_Driver/Src/stm32f4xx_hal_pcd.o
                0x0000000008006052                HAL_PCD_IRQHandler
 .text.HAL_PCD_SetAddress
                0x0000000008006990       0x4a ./Drivers/STM32F4xx_HAL_Driver/Src/stm32f4xx_hal_pcd.o
                0x0000000008006990                HAL_PCD_SetAddress
 .text.HAL_PCD_EP_Open
                0x00000000080069da       0xd0 ./Drivers/STM32F4xx_HAL_Driver/Src/stm32f4xx_hal_pcd.o
                0x00000000080069da                HAL_PCD_EP_Open
 .text.HAL_PCD_EP_Close
                0x0000000008006aaa       0x94 ./Drivers/STM32F4xx_HAL_Driver/Src/stm32f4xx_hal_pcd.o
                0x0000000008006aaa                HAL_PCD_EP_Close
 .text.HAL_PCD_EP_Receive
                0x0000000008006b3e       0x96 ./Drivers/STM32F4xx_HAL_Driver/Src/stm32f4xx_hal_pcd.o
                0x0000000008006b3e                HAL_PCD_EP_Receive
 .text.HAL_PCD_EP_GetRxCount
                0x0000000008006bd4       0x30 ./Drivers/STM32F4xx_HAL_Driver/Src/stm32f4xx_hal_pcd.o
                0x0000000008006bd4                HAL_PCD_EP_GetRxCount
 .text.HAL_PCD_EP_Transmit
                0x0000000008006c04       0x94 ./Drivers/STM32F4xx_HAL_Driver/Src/stm32f4xx_hal_pcd.o
                0x0000000008006c04                HAL_PCD_EP_Transmit
 .text.HAL_PCD_EP_SetStall
                0x0000000008006c98       0xc8 ./Drivers/STM32F4xx_HAL_Driver/Src/stm32f4xx_hal_pcd.o
                0x0000000008006c98                HAL_PCD_EP_SetStall
 .text.HAL_PCD_EP_ClrStall
                0x0000000008006d60       0xac ./Drivers/STM32F4xx_HAL_Driver/Src/stm32f4xx_hal_pcd.o
                0x0000000008006d60                HAL_PCD_EP_ClrStall
 .text.HAL_PCD_EP_Abort
                0x0000000008006e0c       0x62 ./Drivers/STM32F4xx_HAL_Driver/Src/stm32f4xx_hal_pcd.o
                0x0000000008006e0c                HAL_PCD_EP_Abort
 .text.PCD_WriteEmptyTxFifo
                0x0000000008006e6e      0x11a ./Drivers/STM32F4xx_HAL_Driver/Src/stm32f4xx_hal_pcd.o
 .text.PCD_EP_OutXfrComplete_int
                0x0000000008006f88      0x1d0 ./Drivers/STM32F4xx_HAL_Driver/Src/stm32f4xx_hal_pcd.o
 .text.PCD_EP_OutSetupPacket_int
                0x0000000008007158       0x8c ./Drivers/STM32F4xx_HAL_Driver/Src/stm32f4xx_hal_pcd.o
 .text.HAL_PCDEx_SetTxFiFo
                0x00000000080071e4       0x8e ./Drivers/STM32F4xx_HAL_Driver/Src/stm32f4xx_hal_pcd_ex.o
                0x00000000080071e4                HAL_PCDEx_SetTxFiFo
 .text.HAL_PCDEx_SetRxFiFo
                0x0000000008007272       0x22 ./Drivers/STM32F4xx_HAL_Driver/Src/stm32f4xx_hal_pcd_ex.o
                0x0000000008007272                HAL_PCDEx_SetRxFiFo
 .text.HAL_PCDEx_LPM_Callback
                0x0000000008007294       0x18 ./Drivers/STM32F4xx_HAL_Driver/Src/stm32f4xx_hal_pcd_ex.o
                0x0000000008007294                HAL_PCDEx_LPM_Callback
 .text.HAL_RCC_OscConfig
                0x00000000080072ac      0x4f0 ./Drivers/STM32F4xx_HAL_Driver/Src/stm32f4xx_hal_rcc.o
                0x00000000080072ac                HAL_RCC_OscConfig
 .text.HAL_RCC_ClockConfig
                0x000000000800779c      0x1cc ./Drivers/STM32F4xx_HAL_Driver/Src/stm32f4xx_hal_rcc.o
                0x000000000800779c                HAL_RCC_ClockConfig
 .text.HAL_RCC_GetSysClockFreq
                0x0000000008007968      0x20c ./Drivers/STM32F4xx_HAL_Driver/Src/stm32f4xx_hal_rcc.o
                0x0000000008007968                HAL_RCC_GetSysClockFreq
 .text.HAL_RCC_GetHCLKFreq
                0x0000000008007b74       0x18 ./Drivers/STM32F4xx_HAL_Driver/Src/stm32f4xx_hal_rcc.o
                0x0000000008007b74                HAL_RCC_GetHCLKFreq
 .text.HAL_RCC_GetPCLK1Freq
                0x0000000008007b8c       0x28 ./Drivers/STM32F4xx_HAL_Driver/Src/stm32f4xx_hal_rcc.o
                0x0000000008007b8c                HAL_RCC_GetPCLK1Freq
 .text.HAL_RCC_GetPCLK2Freq
                0x0000000008007bb4       0x28 ./Drivers/STM32F4xx_HAL_Driver/Src/stm32f4xx_hal_rcc.o
                0x0000000008007bb4                HAL_RCC_GetPCLK2Freq
 .text.HAL_TIM_PWM_Init
                0x0000000008007bdc       0x9e ./Drivers/STM32F4xx_HAL_Driver/Src/stm32f4xx_hal_tim.o
                0x0000000008007bdc                HAL_TIM_PWM_Init
 *fill*         0x0000000008007c7a        0x2 
 .text.HAL_TIM_PWM_Start
                0x0000000008007c7c      0x190 ./Drivers/STM32F4xx_HAL_Driver/Src/stm32f4xx_hal_tim.o
                0x0000000008007c7c                HAL_TIM_PWM_Start
 .text.HAL_TIM_Encoder_Init
                0x0000000008007e0c      0x14c ./Drivers/STM32F4xx_HAL_Driver/Src/stm32f4xx_hal_tim.o
                0x0000000008007e0c                HAL_TIM_Encoder_Init
 .text.HAL_TIM_Encoder_Start
                0x0000000008007f58      0x11c ./Drivers/STM32F4xx_HAL_Driver/Src/stm32f4xx_hal_tim.o
                0x0000000008007f58                HAL_TIM_Encoder_Start
 .text.HAL_TIM_IRQHandler
                0x0000000008008074      0x210 ./Drivers/STM32F4xx_HAL_Driver/Src/stm32f4xx_hal_tim.o
                0x0000000008008074                HAL_TIM_IRQHandler
 .text.HAL_TIM_PWM_ConfigChannel
                0x0000000008008284      0x184 ./Drivers/STM32F4xx_HAL_Driver/Src/stm32f4xx_hal_tim.o
                0x0000000008008284                HAL_TIM_PWM_ConfigChannel
 .text.HAL_TIM_PeriodElapsedCallback
                0x0000000008008408       0x14 ./Drivers/STM32F4xx_HAL_Driver/Src/stm32f4xx_hal_tim.o
                0x0000000008008408                HAL_TIM_PeriodElapsedCallback
 .text.HAL_TIM_OC_DelayElapsedCallback
                0x000000000800841c       0x14 ./Drivers/STM32F4xx_HAL_Driver/Src/stm32f4xx_hal_tim.o
                0x000000000800841c                HAL_TIM_OC_DelayElapsedCallback
 .text.HAL_TIM_IC_CaptureCallback
                0x0000000008008430       0x14 ./Drivers/STM32F4xx_HAL_Driver/Src/stm32f4xx_hal_tim.o
                0x0000000008008430                HAL_TIM_IC_CaptureCallback
 .text.HAL_TIM_PWM_PulseFinishedCallback
                0x0000000008008444       0x14 ./Drivers/STM32F4xx_HAL_Driver/Src/stm32f4xx_hal_tim.o
                0x0000000008008444                HAL_TIM_PWM_PulseFinishedCallback
 .text.HAL_TIM_TriggerCallback
                0x0000000008008458       0x14 ./Drivers/STM32F4xx_HAL_Driver/Src/stm32f4xx_hal_tim.o
                0x0000000008008458                HAL_TIM_TriggerCallback
 .text.TIM_Base_SetConfig
                0x000000000800846c      0x140 ./Drivers/STM32F4xx_HAL_Driver/Src/stm32f4xx_hal_tim.o
                0x000000000800846c                TIM_Base_SetConfig
 .text.TIM_OC1_SetConfig
                0x00000000080085ac       0xe0 ./Drivers/STM32F4xx_HAL_Driver/Src/stm32f4xx_hal_tim.o
 .text.TIM_OC2_SetConfig
                0x000000000800868c       0xec ./Drivers/STM32F4xx_HAL_Driver/Src/stm32f4xx_hal_tim.o
                0x000000000800868c                TIM_OC2_SetConfig
 .text.TIM_OC3_SetConfig
                0x0000000008008778       0xe8 ./Drivers/STM32F4xx_HAL_Driver/Src/stm32f4xx_hal_tim.o
 .text.TIM_OC4_SetConfig
                0x0000000008008860       0xac ./Drivers/STM32F4xx_HAL_Driver/Src/stm32f4xx_hal_tim.o
 .text.TIM_CCxChannelCmd
                0x000000000800890c       0x4a ./Drivers/STM32F4xx_HAL_Driver/Src/stm32f4xx_hal_tim.o
                0x000000000800890c                TIM_CCxChannelCmd
 *fill*         0x0000000008008956        0x2 
 .text.HAL_TIMEx_MasterConfigSynchronization
                0x0000000008008958       0xf8 ./Drivers/STM32F4xx_HAL_Driver/Src/stm32f4xx_hal_tim_ex.o
                0x0000000008008958                HAL_TIMEx_MasterConfigSynchronization
 .text.HAL_TIMEx_CommutCallback
                0x0000000008008a50       0x14 ./Drivers/STM32F4xx_HAL_Driver/Src/stm32f4xx_hal_tim_ex.o
                0x0000000008008a50                HAL_TIMEx_CommutCallback
 .text.HAL_TIMEx_BreakCallback
                0x0000000008008a64       0x14 ./Drivers/STM32F4xx_HAL_Driver/Src/stm32f4xx_hal_tim_ex.o
                0x0000000008008a64                HAL_TIMEx_BreakCallback
 .text.HAL_UART_Init
                0x0000000008008a78       0x9a ./Drivers/STM32F4xx_HAL_Driver/Src/stm32f4xx_hal_uart.o
                0x0000000008008a78                HAL_UART_Init
 .text.HAL_UART_Transmit
                0x0000000008008b12      0x124 ./Drivers/STM32F4xx_HAL_Driver/Src/stm32f4xx_hal_uart.o
                0x0000000008008b12                HAL_UART_Transmit
 .text.UART_WaitOnFlagUntilTimeout
                0x0000000008008c36       0xdc ./Drivers/STM32F4xx_HAL_Driver/Src/stm32f4xx_hal_uart.o
 *fill*         0x0000000008008d12        0x2 
 .text.UART_SetConfig
                0x0000000008008d14      0x4e8 ./Drivers/STM32F4xx_HAL_Driver/Src/stm32f4xx_hal_uart.o
 .text.USB_CoreInit
                0x00000000080091fc       0xc2 ./Drivers/STM32F4xx_HAL_Driver/Src/stm32f4xx_ll_usb.o
                0x00000000080091fc                USB_CoreInit
 *fill*         0x00000000080092be        0x2 
 .text.USB_SetTurnaroundTime
                0x00000000080092c0      0x144 ./Drivers/STM32F4xx_HAL_Driver/Src/stm32f4xx_ll_usb.o
                0x00000000080092c0                USB_SetTurnaroundTime
 .text.USB_EnableGlobalInt
                0x0000000008009404       0x22 ./Drivers/STM32F4xx_HAL_Driver/Src/stm32f4xx_ll_usb.o
                0x0000000008009404                USB_EnableGlobalInt
 .text.USB_DisableGlobalInt
                0x0000000008009426       0x22 ./Drivers/STM32F4xx_HAL_Driver/Src/stm32f4xx_ll_usb.o
                0x0000000008009426                USB_DisableGlobalInt
 .text.USB_SetCurrentMode
                0x0000000008009448       0x98 ./Drivers/STM32F4xx_HAL_Driver/Src/stm32f4xx_ll_usb.o
                0x0000000008009448                USB_SetCurrentMode
 .text.USB_DevInit
                0x00000000080094e0      0x2c8 ./Drivers/STM32F4xx_HAL_Driver/Src/stm32f4xx_ll_usb.o
                0x00000000080094e0                USB_DevInit
 .text.USB_FlushTxFifo
                0x00000000080097a8       0x68 ./Drivers/STM32F4xx_HAL_Driver/Src/stm32f4xx_ll_usb.o
                0x00000000080097a8                USB_FlushTxFifo
 .text.USB_FlushRxFifo
                0x0000000008009810       0x60 ./Drivers/STM32F4xx_HAL_Driver/Src/stm32f4xx_ll_usb.o
                0x0000000008009810                USB_FlushRxFifo
 .text.USB_SetDevSpeed
                0x0000000008009870       0x32 ./Drivers/STM32F4xx_HAL_Driver/Src/stm32f4xx_ll_usb.o
                0x0000000008009870                USB_SetDevSpeed
 .text.USB_GetDevSpeed
                0x00000000080098a2       0x4a ./Drivers/STM32F4xx_HAL_Driver/Src/stm32f4xx_ll_usb.o
                0x00000000080098a2                USB_GetDevSpeed
 .text.USB_ActivateEndpoint
                0x00000000080098ec      0x10e ./Drivers/STM32F4xx_HAL_Driver/Src/stm32f4xx_ll_usb.o
                0x00000000080098ec                USB_ActivateEndpoint
 *fill*         0x00000000080099fa        0x2 
 .text.USB_DeactivateEndpoint
                0x00000000080099fc      0x1b8 ./Drivers/STM32F4xx_HAL_Driver/Src/stm32f4xx_ll_usb.o
                0x00000000080099fc                USB_DeactivateEndpoint
 .text.USB_EPStartXfer
                0x0000000008009bb4      0x490 ./Drivers/STM32F4xx_HAL_Driver/Src/stm32f4xx_ll_usb.o
                0x0000000008009bb4                USB_EPStartXfer
 .text.USB_EP0StartXfer
                0x000000000800a044      0x2b0 ./Drivers/STM32F4xx_HAL_Driver/Src/stm32f4xx_ll_usb.o
                0x000000000800a044                USB_EP0StartXfer
 .text.USB_EPStopXfer
                0x000000000800a2f4      0x154 ./Drivers/STM32F4xx_HAL_Driver/Src/stm32f4xx_ll_usb.o
                0x000000000800a2f4                USB_EPStopXfer
 .text.USB_WritePacket
                0x000000000800a448       0x7c ./Drivers/STM32F4xx_HAL_Driver/Src/stm32f4xx_ll_usb.o
                0x000000000800a448                USB_WritePacket
 .text.USB_ReadPacket
                0x000000000800a4c4       0xb0 ./Drivers/STM32F4xx_HAL_Driver/Src/stm32f4xx_ll_usb.o
                0x000000000800a4c4                USB_ReadPacket
 .text.USB_EPSetStall
                0x000000000800a574       0xdc ./Drivers/STM32F4xx_HAL_Driver/Src/stm32f4xx_ll_usb.o
                0x000000000800a574                USB_EPSetStall
 .text.USB_EPClearStall
                0x000000000800a650       0xcc ./Drivers/STM32F4xx_HAL_Driver/Src/stm32f4xx_ll_usb.o
                0x000000000800a650                USB_EPClearStall
 .text.USB_SetDevAddress
                0x000000000800a71c       0x4c ./Drivers/STM32F4xx_HAL_Driver/Src/stm32f4xx_ll_usb.o
                0x000000000800a71c                USB_SetDevAddress
 .text.USB_DevConnect
                0x000000000800a768       0x42 ./Drivers/STM32F4xx_HAL_Driver/Src/stm32f4xx_ll_usb.o
                0x000000000800a768                USB_DevConnect
 .text.USB_DevDisconnect
                0x000000000800a7aa       0x42 ./Drivers/STM32F4xx_HAL_Driver/Src/stm32f4xx_ll_usb.o
                0x000000000800a7aa                USB_DevDisconnect
 .text.USB_ReadInterrupts
                0x000000000800a7ec       0x26 ./Drivers/STM32F4xx_HAL_Driver/Src/stm32f4xx_ll_usb.o
                0x000000000800a7ec                USB_ReadInterrupts
 .text.USB_ReadDevAllOutEpInterrupt
                0x000000000800a812       0x34 ./Drivers/STM32F4xx_HAL_Driver/Src/stm32f4xx_ll_usb.o
                0x000000000800a812                USB_ReadDevAllOutEpInterrupt
 .text.USB_ReadDevAllInEpInterrupt
                0x000000000800a846       0x34 ./Drivers/STM32F4xx_HAL_Driver/Src/stm32f4xx_ll_usb.o
                0x000000000800a846                USB_ReadDevAllInEpInterrupt
 .text.USB_ReadDevOutEPInterrupt
                0x000000000800a87a       0x3c ./Drivers/STM32F4xx_HAL_Driver/Src/stm32f4xx_ll_usb.o
                0x000000000800a87a                USB_ReadDevOutEPInterrupt
 .text.USB_ReadDevInEPInterrupt
                0x000000000800a8b6       0x5c ./Drivers/STM32F4xx_HAL_Driver/Src/stm32f4xx_ll_usb.o
                0x000000000800a8b6                USB_ReadDevInEPInterrupt
 .text.USB_GetMode
                0x000000000800a912       0x1c ./Drivers/STM32F4xx_HAL_Driver/Src/stm32f4xx_ll_usb.o
                0x000000000800a912                USB_GetMode
 .text.USB_ActivateSetup
                0x000000000800a92e       0x46 ./Drivers/STM32F4xx_HAL_Driver/Src/stm32f4xx_ll_usb.o
                0x000000000800a92e                USB_ActivateSetup
 .text.USB_EP0_OutStart
                0x000000000800a974       0xbc ./Drivers/STM32F4xx_HAL_Driver/Src/stm32f4xx_ll_usb.o
                0x000000000800a974                USB_EP0_OutStart
 .text.USB_CoreReset
                0x000000000800aa30       0x68 ./Drivers/STM32F4xx_HAL_Driver/Src/stm32f4xx_ll_usb.o
 .text.USBD_CDC_Init
                0x000000000800aa98      0x1f0 ./Middlewares/ST/STM32_USB_Device_Library/Class/CDC/Src/usbd_cdc.o
 .text.USBD_CDC_DeInit
                0x000000000800ac88      0x104 ./Middlewares/ST/STM32_USB_Device_Library/Class/CDC/Src/usbd_cdc.o
 .text.USBD_CDC_Setup
                0x000000000800ad8c      0x1b8 ./Middlewares/ST/STM32_USB_Device_Library/Class/CDC/Src/usbd_cdc.o
 .text.USBD_CDC_DataIn
                0x000000000800af44       0xfe ./Middlewares/ST/STM32_USB_Device_Library/Class/CDC/Src/usbd_cdc.o
 .text.USBD_CDC_DataOut
                0x000000000800b042       0x70 ./Middlewares/ST/STM32_USB_Device_Library/Class/CDC/Src/usbd_cdc.o
 .text.USBD_CDC_EP0_RxReady
                0x000000000800b0b2       0x76 ./Middlewares/ST/STM32_USB_Device_Library/Class/CDC/Src/usbd_cdc.o
 .text.USBD_CDC_GetFSCfgDesc
                0x000000000800b128       0x70 ./Middlewares/ST/STM32_USB_Device_Library/Class/CDC/Src/usbd_cdc.o
 .text.USBD_CDC_GetHSCfgDesc
                0x000000000800b198       0x70 ./Middlewares/ST/STM32_USB_Device_Library/Class/CDC/Src/usbd_cdc.o
 .text.USBD_CDC_GetOtherSpeedCfgDesc
                0x000000000800b208       0x70 ./Middlewares/ST/STM32_USB_Device_Library/Class/CDC/Src/usbd_cdc.o
 .text.USBD_CDC_GetDeviceQualifierDescriptor
                0x000000000800b278       0x20 ./Middlewares/ST/STM32_USB_Device_Library/Class/CDC/Src/usbd_cdc.o
                0x000000000800b278                USBD_CDC_GetDeviceQualifierDescriptor
 .text.USBD_CDC_RegisterInterface
                0x000000000800b298       0x34 ./Middlewares/ST/STM32_USB_Device_Library/Class/CDC/Src/usbd_cdc.o
                0x000000000800b298                USBD_CDC_RegisterInterface
 .text.USBD_CDC_SetTxBuffer
                0x000000000800b2cc       0x44 ./Middlewares/ST/STM32_USB_Device_Library/Class/CDC/Src/usbd_cdc.o
                0x000000000800b2cc                USBD_CDC_SetTxBuffer
 .text.USBD_CDC_SetRxBuffer
                0x000000000800b310       0x3a ./Middlewares/ST/STM32_USB_Device_Library/Class/CDC/Src/usbd_cdc.o
                0x000000000800b310                USBD_CDC_SetRxBuffer
 *fill*         0x000000000800b34a        0x2 
 .text.USBD_CDC_ReceivePacket
                0x000000000800b34c       0x6c ./Middlewares/ST/STM32_USB_Device_Library/Class/CDC/Src/usbd_cdc.o
                0x000000000800b34c                USBD_CDC_ReceivePacket
 .text.USBD_Init
                0x000000000800b3b8       0x60 ./Middlewares/ST/STM32_USB_Device_Library/Core/Src/usbd_core.o
                0x000000000800b3b8                USBD_Init
 .text.USBD_RegisterClass
                0x000000000800b418       0x6c ./Middlewares/ST/STM32_USB_Device_Library/Core/Src/usbd_core.o
                0x000000000800b418                USBD_RegisterClass
 .text.USBD_Start
                0x000000000800b484       0x18 ./Middlewares/ST/STM32_USB_Device_Library/Core/Src/usbd_core.o
                0x000000000800b484                USBD_Start
 .text.USBD_RunTestMode
                0x000000000800b49c       0x16 ./Middlewares/ST/STM32_USB_Device_Library/Core/Src/usbd_core.o
                0x000000000800b49c                USBD_RunTestMode
 .text.USBD_SetClassConfig
                0x000000000800b4b2       0x38 ./Middlewares/ST/STM32_USB_Device_Library/Core/Src/usbd_core.o
                0x000000000800b4b2                USBD_SetClassConfig
 .text.USBD_ClrClassConfig
                0x000000000800b4ea       0x34 ./Middlewares/ST/STM32_USB_Device_Library/Core/Src/usbd_core.o
                0x000000000800b4ea                USBD_ClrClassConfig
 .text.USBD_LL_SetupStage
                0x000000000800b51e       0xaa ./Middlewares/ST/STM32_USB_Device_Library/Core/Src/usbd_core.o
                0x000000000800b51e                USBD_LL_SetupStage
 .text.USBD_LL_DataOutStage
                0x000000000800b5c8      0x166 ./Middlewares/ST/STM32_USB_Device_Library/Core/Src/usbd_core.o
                0x000000000800b5c8                USBD_LL_DataOutStage
 .text.USBD_LL_DataInStage
                0x000000000800b72e      0x164 ./Middlewares/ST/STM32_USB_Device_Library/Core/Src/usbd_core.o
                0x000000000800b72e                USBD_LL_DataInStage
 .text.USBD_LL_Reset
                0x000000000800b892       0xa4 ./Middlewares/ST/STM32_USB_Device_Library/Core/Src/usbd_core.o
                0x000000000800b892                USBD_LL_Reset
 .text.USBD_LL_SetSpeed
                0x000000000800b936       0x20 ./Middlewares/ST/STM32_USB_Device_Library/Core/Src/usbd_core.o
                0x000000000800b936                USBD_LL_SetSpeed
 .text.USBD_LL_Suspend
                0x000000000800b956       0x2c ./Middlewares/ST/STM32_USB_Device_Library/Core/Src/usbd_core.o
                0x000000000800b956                USBD_LL_Suspend
 .text.USBD_LL_Resume
                0x000000000800b982       0x30 ./Middlewares/ST/STM32_USB_Device_Library/Core/Src/usbd_core.o
                0x000000000800b982                USBD_LL_Resume
 .text.USBD_LL_SOF
                0x000000000800b9b2       0x40 ./Middlewares/ST/STM32_USB_Device_Library/Core/Src/usbd_core.o
                0x000000000800b9b2                USBD_LL_SOF
 .text.USBD_LL_IsoINIncomplete
                0x000000000800b9f2       0x64 ./Middlewares/ST/STM32_USB_Device_Library/Core/Src/usbd_core.o
                0x000000000800b9f2                USBD_LL_IsoINIncomplete
 .text.USBD_LL_IsoOUTIncomplete
                0x000000000800ba56       0x64 ./Middlewares/ST/STM32_USB_Device_Library/Core/Src/usbd_core.o
                0x000000000800ba56                USBD_LL_IsoOUTIncomplete
 .text.USBD_LL_DevConnected
                0x000000000800baba       0x16 ./Middlewares/ST/STM32_USB_Device_Library/Core/Src/usbd_core.o
                0x000000000800baba                USBD_LL_DevConnected
 .text.USBD_LL_DevDisconnected
                0x000000000800bad0       0x46 ./Middlewares/ST/STM32_USB_Device_Library/Core/Src/usbd_core.o
                0x000000000800bad0                USBD_LL_DevDisconnected
 .text.USBD_CoreFindIF
                0x000000000800bb16       0x1a ./Middlewares/ST/STM32_USB_Device_Library/Core/Src/usbd_core.o
                0x000000000800bb16                USBD_CoreFindIF
 .text.USBD_CoreFindEP
                0x000000000800bb30       0x1a ./Middlewares/ST/STM32_USB_Device_Library/Core/Src/usbd_core.o
                0x000000000800bb30                USBD_CoreFindEP
 .text.USBD_GetEpDesc
                0x000000000800bb4a       0x74 ./Middlewares/ST/STM32_USB_Device_Library/Core/Src/usbd_core.o
                0x000000000800bb4a                USBD_GetEpDesc
 .text.USBD_GetNextDesc
                0x000000000800bbbe       0x3a ./Middlewares/ST/STM32_USB_Device_Library/Core/Src/usbd_core.o
                0x000000000800bbbe                USBD_GetNextDesc
 .text.SWAPBYTE
                0x000000000800bbf8       0x3c ./Middlewares/ST/STM32_USB_Device_Library/Core/Src/usbd_ctlreq.o
 .text.USBD_StdDevReq
                0x000000000800bc34       0xe4 ./Middlewares/ST/STM32_USB_Device_Library/Core/Src/usbd_ctlreq.o
                0x000000000800bc34                USBD_StdDevReq
 .text.USBD_StdItfReq
                0x000000000800bd18       0xd8 ./Middlewares/ST/STM32_USB_Device_Library/Core/Src/usbd_ctlreq.o
                0x000000000800bd18                USBD_StdItfReq
 .text.USBD_StdEPReq
                0x000000000800bdf0      0x33a ./Middlewares/ST/STM32_USB_Device_Library/Core/Src/usbd_ctlreq.o
                0x000000000800bdf0                USBD_StdEPReq
 *fill*         0x000000000800c12a        0x2 
 .text.USBD_GetDescriptor
                0x000000000800c12c      0x2d4 ./Middlewares/ST/STM32_USB_Device_Library/Core/Src/usbd_ctlreq.o
 .text.USBD_SetAddress
                0x000000000800c400       0x88 ./Middlewares/ST/STM32_USB_Device_Library/Core/Src/usbd_ctlreq.o
 .text.USBD_SetConfig
                0x000000000800c488      0x154 ./Middlewares/ST/STM32_USB_Device_Library/Core/Src/usbd_ctlreq.o
 .text.USBD_GetConfig
                0x000000000800c5dc       0x6c ./Middlewares/ST/STM32_USB_Device_Library/Core/Src/usbd_ctlreq.o
 .text.USBD_GetStatus
                0x000000000800c648       0x68 ./Middlewares/ST/STM32_USB_Device_Library/Core/Src/usbd_ctlreq.o
 .text.USBD_SetFeature
                0x000000000800c6b0       0x52 ./Middlewares/ST/STM32_USB_Device_Library/Core/Src/usbd_ctlreq.o
 .text.USBD_ClrFeature
                0x000000000800c702       0x44 ./Middlewares/ST/STM32_USB_Device_Library/Core/Src/usbd_ctlreq.o
 .text.USBD_ParseSetupRequest
                0x000000000800c746       0x74 ./Middlewares/ST/STM32_USB_Device_Library/Core/Src/usbd_ctlreq.o
                0x000000000800c746                USBD_ParseSetupRequest
 .text.USBD_CtlError
                0x000000000800c7ba       0x22 ./Middlewares/ST/STM32_USB_Device_Library/Core/Src/usbd_ctlreq.o
                0x000000000800c7ba                USBD_CtlError
 .text.USBD_GetString
                0x000000000800c7dc       0x8c ./Middlewares/ST/STM32_USB_Device_Library/Core/Src/usbd_ctlreq.o
                0x000000000800c7dc                USBD_GetString
 .text.USBD_GetLen
                0x000000000800c868       0x34 ./Middlewares/ST/STM32_USB_Device_Library/Core/Src/usbd_ctlreq.o
 .text.USBD_CtlSendData
                0x000000000800c89c       0x36 ./Middlewares/ST/STM32_USB_Device_Library/Core/Src/usbd_ioreq.o
                0x000000000800c89c                USBD_CtlSendData
 .text.USBD_CtlContinueSendData
                0x000000000800c8d2       0x22 ./Middlewares/ST/STM32_USB_Device_Library/Core/Src/usbd_ioreq.o
                0x000000000800c8d2                USBD_CtlContinueSendData
 .text.USBD_CtlPrepareRx
                0x000000000800c8f4       0x3a ./Middlewares/ST/STM32_USB_Device_Library/Core/Src/usbd_ioreq.o
                0x000000000800c8f4                USBD_CtlPrepareRx
 .text.USBD_CtlContinueRx
                0x000000000800c92e       0x22 ./Middlewares/ST/STM32_USB_Device_Library/Core/Src/usbd_ioreq.o
                0x000000000800c92e                USBD_CtlContinueRx
 .text.USBD_CtlSendStatus
                0x000000000800c950       0x26 ./Middlewares/ST/STM32_USB_Device_Library/Core/Src/usbd_ioreq.o
                0x000000000800c950                USBD_CtlSendStatus
 .text.USBD_CtlReceiveStatus
                0x000000000800c976       0x26 ./Middlewares/ST/STM32_USB_Device_Library/Core/Src/usbd_ioreq.o
                0x000000000800c976                USBD_CtlReceiveStatus
 .text.MX_USB_DEVICE_Init
                0x000000000800c99c       0x60 ./USB_DEVICE/App/usb_device.o
                0x000000000800c99c                MX_USB_DEVICE_Init
 .text.CDC_Init_HS
                0x000000000800c9fc       0x28 ./USB_DEVICE/App/usbd_cdc_if.o
 .text.CDC_DeInit_HS
                0x000000000800ca24       0x10 ./USB_DEVICE/App/usbd_cdc_if.o
 .text.CDC_Control_HS
                0x000000000800ca34       0xbc ./USB_DEVICE/App/usbd_cdc_if.o
 .text.CDC_Receive_HS
                0x000000000800caf0       0x54 ./USB_DEVICE/App/usbd_cdc_if.o
 .text.CDC_TransmitCplt_HS
                0x000000000800cb44       0x22 ./USB_DEVICE/App/usbd_cdc_if.o
 *fill*         0x000000000800cb66        0x2 
 .text.USBD_HS_DeviceDescriptor
                0x000000000800cb68       0x24 ./USB_DEVICE/App/usbd_desc.o
                0x000000000800cb68                USBD_HS_DeviceDescriptor
 .text.USBD_HS_LangIDStrDescriptor
                0x000000000800cb8c       0x24 ./USB_DEVICE/App/usbd_desc.o
                0x000000000800cb8c                USBD_HS_LangIDStrDescriptor
 .text.USBD_HS_ProductStrDescriptor
                0x000000000800cbb0       0x3c ./USB_DEVICE/App/usbd_desc.o
                0x000000000800cbb0                USBD_HS_ProductStrDescriptor
 .text.USBD_HS_ManufacturerStrDescriptor
                0x000000000800cbec       0x28 ./USB_DEVICE/App/usbd_desc.o
                0x000000000800cbec                USBD_HS_ManufacturerStrDescriptor
 .text.USBD_HS_SerialStrDescriptor
                0x000000000800cc14       0x24 ./USB_DEVICE/App/usbd_desc.o
                0x000000000800cc14                USBD_HS_SerialStrDescriptor
 .text.USBD_HS_ConfigStrDescriptor
                0x000000000800cc38       0x3c ./USB_DEVICE/App/usbd_desc.o
                0x000000000800cc38                USBD_HS_ConfigStrDescriptor
 .text.USBD_HS_InterfaceStrDescriptor
                0x000000000800cc74       0x3c ./USB_DEVICE/App/usbd_desc.o
                0x000000000800cc74                USBD_HS_InterfaceStrDescriptor
 .text.Get_SerialNum
                0x000000000800ccb0       0x58 ./USB_DEVICE/App/usbd_desc.o
 .text.IntToUnicode
                0x000000000800cd08       0x7e ./USB_DEVICE/App/usbd_desc.o
 *fill*         0x000000000800cd86        0x2 
 .text.HAL_PCD_MspInit
                0x000000000800cd88       0xa0 ./USB_DEVICE/Target/usbd_conf.o
                0x000000000800cd88                HAL_PCD_MspInit
 .text.HAL_PCD_SetupStageCallback
                0x000000000800ce28       0x24 ./USB_DEVICE/Target/usbd_conf.o
                0x000000000800ce28                HAL_PCD_SetupStageCallback
 .text.HAL_PCD_DataOutStageCallback
                0x000000000800ce4c       0x36 ./USB_DEVICE/Target/usbd_conf.o
                0x000000000800ce4c                HAL_PCD_DataOutStageCallback
 .text.HAL_PCD_DataInStageCallback
                0x000000000800ce82       0x34 ./USB_DEVICE/Target/usbd_conf.o
                0x000000000800ce82                HAL_PCD_DataInStageCallback
 .text.HAL_PCD_SOFCallback
                0x000000000800ceb6       0x1c ./USB_DEVICE/Target/usbd_conf.o
                0x000000000800ceb6                HAL_PCD_SOFCallback
 .text.HAL_PCD_ResetCallback
                0x000000000800ced2       0x50 ./USB_DEVICE/Target/usbd_conf.o
                0x000000000800ced2                HAL_PCD_ResetCallback
 *fill*         0x000000000800cf22        0x2 
 .text.HAL_PCD_SuspendCallback
                0x000000000800cf24       0x4c ./USB_DEVICE/Target/usbd_conf.o
                0x000000000800cf24                HAL_PCD_SuspendCallback
 .text.HAL_PCD_ResumeCallback
                0x000000000800cf70       0x1c ./USB_DEVICE/Target/usbd_conf.o
                0x000000000800cf70                HAL_PCD_ResumeCallback
 .text.HAL_PCD_ISOOUTIncompleteCallback
                0x000000000800cf8c       0x24 ./USB_DEVICE/Target/usbd_conf.o
                0x000000000800cf8c                HAL_PCD_ISOOUTIncompleteCallback
 .text.HAL_PCD_ISOINIncompleteCallback
                0x000000000800cfb0       0x24 ./USB_DEVICE/Target/usbd_conf.o
                0x000000000800cfb0                HAL_PCD_ISOINIncompleteCallback
 .text.HAL_PCD_ConnectCallback
                0x000000000800cfd4       0x1c ./USB_DEVICE/Target/usbd_conf.o
                0x000000000800cfd4                HAL_PCD_ConnectCallback
 .text.HAL_PCD_DisconnectCallback
                0x000000000800cff0       0x1c ./USB_DEVICE/Target/usbd_conf.o
                0x000000000800cff0                HAL_PCD_DisconnectCallback
 .text.USBD_LL_Init
                0x000000000800d00c       0xa4 ./USB_DEVICE/Target/usbd_conf.o
                0x000000000800d00c                USBD_LL_Init
 .text.USBD_LL_Start
                0x000000000800d0b0       0x36 ./USB_DEVICE/Target/usbd_conf.o
                0x000000000800d0b0                USBD_LL_Start
 .text.USBD_LL_OpenEP
                0x000000000800d0e6       0x4c ./USB_DEVICE/Target/usbd_conf.o
                0x000000000800d0e6                USBD_LL_OpenEP
 .text.USBD_LL_CloseEP
                0x000000000800d132       0x3e ./USB_DEVICE/Target/usbd_conf.o
                0x000000000800d132                USBD_LL_CloseEP
 .text.USBD_LL_StallEP
                0x000000000800d170       0x3e ./USB_DEVICE/Target/usbd_conf.o
                0x000000000800d170                USBD_LL_StallEP
 .text.USBD_LL_ClearStallEP
                0x000000000800d1ae       0x3e ./USB_DEVICE/Target/usbd_conf.o
                0x000000000800d1ae                USBD_LL_ClearStallEP
 .text.USBD_LL_IsStallEP
                0x000000000800d1ec       0x58 ./USB_DEVICE/Target/usbd_conf.o
                0x000000000800d1ec                USBD_LL_IsStallEP
 .text.USBD_LL_SetUSBAddress
                0x000000000800d244       0x3e ./USB_DEVICE/Target/usbd_conf.o
                0x000000000800d244                USBD_LL_SetUSBAddress
 .text.USBD_LL_Transmit
                0x000000000800d282       0x42 ./USB_DEVICE/Target/usbd_conf.o
                0x000000000800d282                USBD_LL_Transmit
 .text.USBD_LL_PrepareReceive
                0x000000000800d2c4       0x42 ./USB_DEVICE/Target/usbd_conf.o
                0x000000000800d2c4                USBD_LL_PrepareReceive
 .text.USBD_LL_GetRxDataSize
                0x000000000800d306       0x26 ./USB_DEVICE/Target/usbd_conf.o
                0x000000000800d306                USBD_LL_GetRxDataSize
 .text.USBD_static_malloc
                0x000000000800d32c       0x1c ./USB_DEVICE/Target/usbd_conf.o
                0x000000000800d32c                USBD_static_malloc
 .text.USBD_static_free
                0x000000000800d348       0x14 ./USB_DEVICE/Target/usbd_conf.o
                0x000000000800d348                USBD_static_free
 .text.USBD_Get_USB_Status
                0x000000000800d35c       0x58 ./USB_DEVICE/Target/usbd_conf.o
                0x000000000800d35c                USBD_Get_USB_Status
 .text.__errno  0x000000000800d3b4        0xc c:/st/stm32cubeide_1.12.1/stm32cubeide/plugins/com.st.stm32cube.ide.mcu.externaltools.gnu-tools-for-stm32.10.3-2021.10.win32_1.0.200.202301161003/tools/bin/../lib/gcc/arm-none-eabi/10.3.1/../../../../arm-none-eabi/lib/thumb/v7e-m+fp/hard\libc_nano.a(lib_a-errno.o)
                0x000000000800d3b4                __errno
 .text.__libc_init_array
                0x000000000800d3c0       0x48 c:/st/stm32cubeide_1.12.1/stm32cubeide/plugins/com.st.stm32cube.ide.mcu.externaltools.gnu-tools-for-stm32.10.3-2021.10.win32_1.0.200.202301161003/tools/bin/../lib/gcc/arm-none-eabi/10.3.1/../../../../arm-none-eabi/lib/thumb/v7e-m+fp/hard\libc_nano.a(lib_a-init.o)
                0x000000000800d3c0                __libc_init_array
 .text.memcpy   0x000000000800d408       0x1c c:/st/stm32cubeide_1.12.1/stm32cubeide/plugins/com.st.stm32cube.ide.mcu.externaltools.gnu-tools-for-stm32.10.3-2021.10.win32_1.0.200.202301161003/tools/bin/../lib/gcc/arm-none-eabi/10.3.1/../../../../arm-none-eabi/lib/thumb/v7e-m+fp/hard\libc_nano.a(lib_a-memcpy-stub.o)
                0x000000000800d408                memcpy
 .text.memset   0x000000000800d424       0x10 c:/st/stm32cubeide_1.12.1/stm32cubeide/plugins/com.st.stm32cube.ide.mcu.externaltools.gnu-tools-for-stm32.10.3-2021.10.win32_1.0.200.202301161003/tools/bin/../lib/gcc/arm-none-eabi/10.3.1/../../../../arm-none-eabi/lib/thumb/v7e-m+fp/hard\libc_nano.a(lib_a-memset.o)
                0x000000000800d424                memset
 .text.__cvt    0x000000000800d434       0xc4 c:/st/stm32cubeide_1.12.1/stm32cubeide/plugins/com.st.stm32cube.ide.mcu.externaltools.gnu-tools-for-stm32.10.3-2021.10.win32_1.0.200.202301161003/tools/bin/../lib/gcc/arm-none-eabi/10.3.1/../../../../arm-none-eabi/lib/thumb/v7e-m+fp/hard\libc_nano.a(lib_a-nano-vfprintf_float.o)
                0x000000000800d434                __cvt
 .text.__exponent
                0x000000000800d4f8       0x7c c:/st/stm32cubeide_1.12.1/stm32cubeide/plugins/com.st.stm32cube.ide.mcu.externaltools.gnu-tools-for-stm32.10.3-2021.10.win32_1.0.200.202301161003/tools/bin/../lib/gcc/arm-none-eabi/10.3.1/../../../../arm-none-eabi/lib/thumb/v7e-m+fp/hard\libc_nano.a(lib_a-nano-vfprintf_float.o)
                0x000000000800d4f8                __exponent
 .text._printf_float
                0x000000000800d574      0x46c c:/st/stm32cubeide_1.12.1/stm32cubeide/plugins/com.st.stm32cube.ide.mcu.externaltools.gnu-tools-for-stm32.10.3-2021.10.win32_1.0.200.202301161003/tools/bin/../lib/gcc/arm-none-eabi/10.3.1/../../../../arm-none-eabi/lib/thumb/v7e-m+fp/hard\libc_nano.a(lib_a-nano-vfprintf_float.o)
                0x000000000800d574                _printf_float
 .text._printf_common
                0x000000000800d9e0       0xda c:/st/stm32cubeide_1.12.1/stm32cubeide/plugins/com.st.stm32cube.ide.mcu.externaltools.gnu-tools-for-stm32.10.3-2021.10.win32_1.0.200.202301161003/tools/bin/../lib/gcc/arm-none-eabi/10.3.1/../../../../arm-none-eabi/lib/thumb/v7e-m+fp/hard\libc_nano.a(lib_a-nano-vfprintf_i.o)
                0x000000000800d9e0                _printf_common
 *fill*         0x000000000800daba        0x2 
 .text._printf_i
                0x000000000800dabc      0x24c c:/st/stm32cubeide_1.12.1/stm32cubeide/plugins/com.st.stm32cube.ide.mcu.externaltools.gnu-tools-for-stm32.10.3-2021.10.win32_1.0.200.202301161003/tools/bin/../lib/gcc/arm-none-eabi/10.3.1/../../../../arm-none-eabi/lib/thumb/v7e-m+fp/hard\libc_nano.a(lib_a-nano-vfprintf_i.o)
                0x000000000800dabc                _printf_i
 .text.printf   0x000000000800dd08       0x30 c:/st/stm32cubeide_1.12.1/stm32cubeide/plugins/com.st.stm32cube.ide.mcu.externaltools.gnu-tools-for-stm32.10.3-2021.10.win32_1.0.200.202301161003/tools/bin/../lib/gcc/arm-none-eabi/10.3.1/../../../../arm-none-eabi/lib/thumb/v7e-m+fp/hard\libc_nano.a(lib_a-printf.o)
                0x000000000800dd08                iprintf
                0x000000000800dd08                printf
 .text.sprintf  0x000000000800dd38       0x40 c:/st/stm32cubeide_1.12.1/stm32cubeide/plugins/com.st.stm32cube.ide.mcu.externaltools.gnu-tools-for-stm32.10.3-2021.10.win32_1.0.200.202301161003/tools/bin/../lib/gcc/arm-none-eabi/10.3.1/../../../../arm-none-eabi/lib/thumb/v7e-m+fp/hard\libc_nano.a(lib_a-sprintf.o)
                0x000000000800dd38                siprintf
                0x000000000800dd38                sprintf
 .text.strncat  0x000000000800dd78       0x26 c:/st/stm32cubeide_1.12.1/stm32cubeide/plugins/com.st.stm32cube.ide.mcu.externaltools.gnu-tools-for-stm32.10.3-2021.10.win32_1.0.200.202301161003/tools/bin/../lib/gcc/arm-none-eabi/10.3.1/../../../../arm-none-eabi/lib/thumb/v7e-m+fp/hard\libc_nano.a(lib_a-strncat.o)
                0x000000000800dd78                strncat
 .text.quorem   0x000000000800dd9e      0x116 c:/st/stm32cubeide_1.12.1/stm32cubeide/plugins/com.st.stm32cube.ide.mcu.externaltools.gnu-tools-for-stm32.10.3-2021.10.win32_1.0.200.202301161003/tools/bin/../lib/gcc/arm-none-eabi/10.3.1/../../../../arm-none-eabi/lib/thumb/v7e-m+fp/hard\libc_nano.a(lib_a-dtoa.o)
 *fill*         0x000000000800deb4        0x4 
 .text._dtoa_r  0x000000000800deb8      0xbdc c:/st/stm32cubeide_1.12.1/stm32cubeide/plugins/com.st.stm32cube.ide.mcu.externaltools.gnu-tools-for-stm32.10.3-2021.10.win32_1.0.200.202301161003/tools/bin/../lib/gcc/arm-none-eabi/10.3.1/../../../../arm-none-eabi/lib/thumb/v7e-m+fp/hard\libc_nano.a(lib_a-dtoa.o)
                0x000000000800deb8                _dtoa_r
 .text.std      0x000000000800ea94       0x48 c:/st/stm32cubeide_1.12.1/stm32cubeide/plugins/com.st.stm32cube.ide.mcu.externaltools.gnu-tools-for-stm32.10.3-2021.10.win32_1.0.200.202301161003/tools/bin/../lib/gcc/arm-none-eabi/10.3.1/../../../../arm-none-eabi/lib/thumb/v7e-m+fp/hard\libc_nano.a(lib_a-findfp.o)
 .text._cleanup_r
                0x000000000800eadc        0xc c:/st/stm32cubeide_1.12.1/stm32cubeide/plugins/com.st.stm32cube.ide.mcu.externaltools.gnu-tools-for-stm32.10.3-2021.10.win32_1.0.200.202301161003/tools/bin/../lib/gcc/arm-none-eabi/10.3.1/../../../../arm-none-eabi/lib/thumb/v7e-m+fp/hard\libc_nano.a(lib_a-findfp.o)
                0x000000000800eadc                _cleanup_r
 .text.__sfmoreglue
                0x000000000800eae8       0x2c c:/st/stm32cubeide_1.12.1/stm32cubeide/plugins/com.st.stm32cube.ide.mcu.externaltools.gnu-tools-for-stm32.10.3-2021.10.win32_1.0.200.202301161003/tools/bin/../lib/gcc/arm-none-eabi/10.3.1/../../../../arm-none-eabi/lib/thumb/v7e-m+fp/hard\libc_nano.a(lib_a-findfp.o)
                0x000000000800eae8                __sfmoreglue
 .text.__sfp_lock_acquire
                0x000000000800eb14        0xc c:/st/stm32cubeide_1.12.1/stm32cubeide/plugins/com.st.stm32cube.ide.mcu.externaltools.gnu-tools-for-stm32.10.3-2021.10.win32_1.0.200.202301161003/tools/bin/../lib/gcc/arm-none-eabi/10.3.1/../../../../arm-none-eabi/lib/thumb/v7e-m+fp/hard\libc_nano.a(lib_a-findfp.o)
                0x000000000800eb14                __sfp_lock_acquire
 .text.__sfp_lock_release
                0x000000000800eb20        0xc c:/st/stm32cubeide_1.12.1/stm32cubeide/plugins/com.st.stm32cube.ide.mcu.externaltools.gnu-tools-for-stm32.10.3-2021.10.win32_1.0.200.202301161003/tools/bin/../lib/gcc/arm-none-eabi/10.3.1/../../../../arm-none-eabi/lib/thumb/v7e-m+fp/hard\libc_nano.a(lib_a-findfp.o)
                0x000000000800eb20                __sfp_lock_release
 .text.__sinit_lock_acquire
                0x000000000800eb2c        0xc c:/st/stm32cubeide_1.12.1/stm32cubeide/plugins/com.st.stm32cube.ide.mcu.externaltools.gnu-tools-for-stm32.10.3-2021.10.win32_1.0.200.202301161003/tools/bin/../lib/gcc/arm-none-eabi/10.3.1/../../../../arm-none-eabi/lib/thumb/v7e-m+fp/hard\libc_nano.a(lib_a-findfp.o)
                0x000000000800eb2c                __sinit_lock_acquire
 .text.__sinit_lock_release
                0x000000000800eb38        0xc c:/st/stm32cubeide_1.12.1/stm32cubeide/plugins/com.st.stm32cube.ide.mcu.externaltools.gnu-tools-for-stm32.10.3-2021.10.win32_1.0.200.202301161003/tools/bin/../lib/gcc/arm-none-eabi/10.3.1/../../../../arm-none-eabi/lib/thumb/v7e-m+fp/hard\libc_nano.a(lib_a-findfp.o)
                0x000000000800eb38                __sinit_lock_release
 .text.__sinit  0x000000000800eb44       0x70 c:/st/stm32cubeide_1.12.1/stm32cubeide/plugins/com.st.stm32cube.ide.mcu.externaltools.gnu-tools-for-stm32.10.3-2021.10.win32_1.0.200.202301161003/tools/bin/../lib/gcc/arm-none-eabi/10.3.1/../../../../arm-none-eabi/lib/thumb/v7e-m+fp/hard\libc_nano.a(lib_a-findfp.o)
                0x000000000800eb44                __sinit
 .text.__sfp    0x000000000800ebb4       0x8c c:/st/stm32cubeide_1.12.1/stm32cubeide/plugins/com.st.stm32cube.ide.mcu.externaltools.gnu-tools-for-stm32.10.3-2021.10.win32_1.0.200.202301161003/tools/bin/../lib/gcc/arm-none-eabi/10.3.1/../../../../arm-none-eabi/lib/thumb/v7e-m+fp/hard\libc_nano.a(lib_a-findfp.o)
                0x000000000800ebb4                __sfp
 .text._fwalk_reent
                0x000000000800ec40       0x3e c:/st/stm32cubeide_1.12.1/stm32cubeide/plugins/com.st.stm32cube.ide.mcu.externaltools.gnu-tools-for-stm32.10.3-2021.10.win32_1.0.200.202301161003/tools/bin/../lib/gcc/arm-none-eabi/10.3.1/../../../../arm-none-eabi/lib/thumb/v7e-m+fp/hard\libc_nano.a(lib_a-fwalk.o)
                0x000000000800ec40                _fwalk_reent
 *fill*         0x000000000800ec7e        0x2 
 .text._localeconv_r
                0x000000000800ec80        0x8 c:/st/stm32cubeide_1.12.1/stm32cubeide/plugins/com.st.stm32cube.ide.mcu.externaltools.gnu-tools-for-stm32.10.3-2021.10.win32_1.0.200.202301161003/tools/bin/../lib/gcc/arm-none-eabi/10.3.1/../../../../arm-none-eabi/lib/thumb/v7e-m+fp/hard\libc_nano.a(lib_a-localeconv.o)
                0x000000000800ec80                _localeconv_r
 .text.__retarget_lock_init_recursive
                0x000000000800ec88        0x2 c:/st/stm32cubeide_1.12.1/stm32cubeide/plugins/com.st.stm32cube.ide.mcu.externaltools.gnu-tools-for-stm32.10.3-2021.10.win32_1.0.200.202301161003/tools/bin/../lib/gcc/arm-none-eabi/10.3.1/../../../../arm-none-eabi/lib/thumb/v7e-m+fp/hard\libc_nano.a(lib_a-lock.o)
                0x000000000800ec88                __retarget_lock_init_recursive
 .text.__retarget_lock_acquire_recursive
                0x000000000800ec8a        0x2 c:/st/stm32cubeide_1.12.1/stm32cubeide/plugins/com.st.stm32cube.ide.mcu.externaltools.gnu-tools-for-stm32.10.3-2021.10.win32_1.0.200.202301161003/tools/bin/../lib/gcc/arm-none-eabi/10.3.1/../../../../arm-none-eabi/lib/thumb/v7e-m+fp/hard\libc_nano.a(lib_a-lock.o)
                0x000000000800ec8a                __retarget_lock_acquire_recursive
 .text.__retarget_lock_release_recursive
                0x000000000800ec8c        0x2 c:/st/stm32cubeide_1.12.1/stm32cubeide/plugins/com.st.stm32cube.ide.mcu.externaltools.gnu-tools-for-stm32.10.3-2021.10.win32_1.0.200.202301161003/tools/bin/../lib/gcc/arm-none-eabi/10.3.1/../../../../arm-none-eabi/lib/thumb/v7e-m+fp/hard\libc_nano.a(lib_a-lock.o)
                0x000000000800ec8c                __retarget_lock_release_recursive
 *fill*         0x000000000800ec8e        0x2 
 .text.malloc   0x000000000800ec90       0x10 c:/st/stm32cubeide_1.12.1/stm32cubeide/plugins/com.st.stm32cube.ide.mcu.externaltools.gnu-tools-for-stm32.10.3-2021.10.win32_1.0.200.202301161003/tools/bin/../lib/gcc/arm-none-eabi/10.3.1/../../../../arm-none-eabi/lib/thumb/v7e-m+fp/hard\libc_nano.a(lib_a-malloc.o)
                0x000000000800ec90                malloc
 .text._Balloc  0x000000000800eca0       0x80 c:/st/stm32cubeide_1.12.1/stm32cubeide/plugins/com.st.stm32cube.ide.mcu.externaltools.gnu-tools-for-stm32.10.3-2021.10.win32_1.0.200.202301161003/tools/bin/../lib/gcc/arm-none-eabi/10.3.1/../../../../arm-none-eabi/lib/thumb/v7e-m+fp/hard\libc_nano.a(lib_a-mprec.o)
                0x000000000800eca0                _Balloc
 .text._Bfree   0x000000000800ed20       0x44 c:/st/stm32cubeide_1.12.1/stm32cubeide/plugins/com.st.stm32cube.ide.mcu.externaltools.gnu-tools-for-stm32.10.3-2021.10.win32_1.0.200.202301161003/tools/bin/../lib/gcc/arm-none-eabi/10.3.1/../../../../arm-none-eabi/lib/thumb/v7e-m+fp/hard\libc_nano.a(lib_a-mprec.o)
                0x000000000800ed20                _Bfree
 .text.__multadd
                0x000000000800ed64       0x8c c:/st/stm32cubeide_1.12.1/stm32cubeide/plugins/com.st.stm32cube.ide.mcu.externaltools.gnu-tools-for-stm32.10.3-2021.10.win32_1.0.200.202301161003/tools/bin/../lib/gcc/arm-none-eabi/10.3.1/../../../../arm-none-eabi/lib/thumb/v7e-m+fp/hard\libc_nano.a(lib_a-mprec.o)
                0x000000000800ed64                __multadd
 .text.__hi0bits
                0x000000000800edf0       0x40 c:/st/stm32cubeide_1.12.1/stm32cubeide/plugins/com.st.stm32cube.ide.mcu.externaltools.gnu-tools-for-stm32.10.3-2021.10.win32_1.0.200.202301161003/tools/bin/../lib/gcc/arm-none-eabi/10.3.1/../../../../arm-none-eabi/lib/thumb/v7e-m+fp/hard\libc_nano.a(lib_a-mprec.o)
                0x000000000800edf0                __hi0bits
 .text.__lo0bits
                0x000000000800ee30       0x5e c:/st/stm32cubeide_1.12.1/stm32cubeide/plugins/com.st.stm32cube.ide.mcu.externaltools.gnu-tools-for-stm32.10.3-2021.10.win32_1.0.200.202301161003/tools/bin/../lib/gcc/arm-none-eabi/10.3.1/../../../../arm-none-eabi/lib/thumb/v7e-m+fp/hard\libc_nano.a(lib_a-mprec.o)
                0x000000000800ee30                __lo0bits
 *fill*         0x000000000800ee8e        0x2 
 .text.__i2b    0x000000000800ee90       0x2c c:/st/stm32cubeide_1.12.1/stm32cubeide/plugins/com.st.stm32cube.ide.mcu.externaltools.gnu-tools-for-stm32.10.3-2021.10.win32_1.0.200.202301161003/tools/bin/../lib/gcc/arm-none-eabi/10.3.1/../../../../arm-none-eabi/lib/thumb/v7e-m+fp/hard\libc_nano.a(lib_a-mprec.o)
                0x000000000800ee90                __i2b
 .text.__multiply
                0x000000000800eebc      0x154 c:/st/stm32cubeide_1.12.1/stm32cubeide/plugins/com.st.stm32cube.ide.mcu.externaltools.gnu-tools-for-stm32.10.3-2021.10.win32_1.0.200.202301161003/tools/bin/../lib/gcc/arm-none-eabi/10.3.1/../../../../arm-none-eabi/lib/thumb/v7e-m+fp/hard\libc_nano.a(lib_a-mprec.o)
                0x000000000800eebc                __multiply
 .text.__pow5mult
                0x000000000800f010       0xb4 c:/st/stm32cubeide_1.12.1/stm32cubeide/plugins/com.st.stm32cube.ide.mcu.externaltools.gnu-tools-for-stm32.10.3-2021.10.win32_1.0.200.202301161003/tools/bin/../lib/gcc/arm-none-eabi/10.3.1/../../../../arm-none-eabi/lib/thumb/v7e-m+fp/hard\libc_nano.a(lib_a-mprec.o)
                0x000000000800f010                __pow5mult
 .text.__lshift
                0x000000000800f0c4       0xe0 c:/st/stm32cubeide_1.12.1/stm32cubeide/plugins/com.st.stm32cube.ide.mcu.externaltools.gnu-tools-for-stm32.10.3-2021.10.win32_1.0.200.202301161003/tools/bin/../lib/gcc/arm-none-eabi/10.3.1/../../../../arm-none-eabi/lib/thumb/v7e-m+fp/hard\libc_nano.a(lib_a-mprec.o)
                0x000000000800f0c4                __lshift
 .text.__mcmp   0x000000000800f1a4       0x38 c:/st/stm32cubeide_1.12.1/stm32cubeide/plugins/com.st.stm32cube.ide.mcu.externaltools.gnu-tools-for-stm32.10.3-2021.10.win32_1.0.200.202301161003/tools/bin/../lib/gcc/arm-none-eabi/10.3.1/../../../../arm-none-eabi/lib/thumb/v7e-m+fp/hard\libc_nano.a(lib_a-mprec.o)
                0x000000000800f1a4                __mcmp
 .text.__mdiff  0x000000000800f1dc      0x114 c:/st/stm32cubeide_1.12.1/stm32cubeide/plugins/com.st.stm32cube.ide.mcu.externaltools.gnu-tools-for-stm32.10.3-2021.10.win32_1.0.200.202301161003/tools/bin/../lib/gcc/arm-none-eabi/10.3.1/../../../../arm-none-eabi/lib/thumb/v7e-m+fp/hard\libc_nano.a(lib_a-mprec.o)
                0x000000000800f1dc                __mdiff
 .text.__d2b    0x000000000800f2f0       0xb8 c:/st/stm32cubeide_1.12.1/stm32cubeide/plugins/com.st.stm32cube.ide.mcu.externaltools.gnu-tools-for-stm32.10.3-2021.10.win32_1.0.200.202301161003/tools/bin/../lib/gcc/arm-none-eabi/10.3.1/../../../../arm-none-eabi/lib/thumb/v7e-m+fp/hard\libc_nano.a(lib_a-mprec.o)
                0x000000000800f2f0                __d2b
 .text._calloc_r
                0x000000000800f3a8       0x2c c:/st/stm32cubeide_1.12.1/stm32cubeide/plugins/com.st.stm32cube.ide.mcu.externaltools.gnu-tools-for-stm32.10.3-2021.10.win32_1.0.200.202301161003/tools/bin/../lib/gcc/arm-none-eabi/10.3.1/../../../../arm-none-eabi/lib/thumb/v7e-m+fp/hard\libc_nano.a(lib_a-nano-callocr.o)
                0x000000000800f3a8                _calloc_r
 .text._free_r  0x000000000800f3d4       0x98 c:/st/stm32cubeide_1.12.1/stm32cubeide/plugins/com.st.stm32cube.ide.mcu.externaltools.gnu-tools-for-stm32.10.3-2021.10.win32_1.0.200.202301161003/tools/bin/../lib/gcc/arm-none-eabi/10.3.1/../../../../arm-none-eabi/lib/thumb/v7e-m+fp/hard\libc_nano.a(lib_a-nano-freer.o)
                0x000000000800f3d4                _free_r
 .text.sbrk_aligned
                0x000000000800f46c       0x40 c:/st/stm32cubeide_1.12.1/stm32cubeide/plugins/com.st.stm32cube.ide.mcu.externaltools.gnu-tools-for-stm32.10.3-2021.10.win32_1.0.200.202301161003/tools/bin/../lib/gcc/arm-none-eabi/10.3.1/../../../../arm-none-eabi/lib/thumb/v7e-m+fp/hard\libc_nano.a(lib_a-nano-mallocr.o)
 .text._malloc_r
                0x000000000800f4ac       0xe8 c:/st/stm32cubeide_1.12.1/stm32cubeide/plugins/com.st.stm32cube.ide.mcu.externaltools.gnu-tools-for-stm32.10.3-2021.10.win32_1.0.200.202301161003/tools/bin/../lib/gcc/arm-none-eabi/10.3.1/../../../../arm-none-eabi/lib/thumb/v7e-m+fp/hard\libc_nano.a(lib_a-nano-mallocr.o)
                0x000000000800f4ac                _malloc_r
 .text.__ssputs_r
                0x000000000800f594       0xb6 c:/st/stm32cubeide_1.12.1/stm32cubeide/plugins/com.st.stm32cube.ide.mcu.externaltools.gnu-tools-for-stm32.10.3-2021.10.win32_1.0.200.202301161003/tools/bin/../lib/gcc/arm-none-eabi/10.3.1/../../../../arm-none-eabi/lib/thumb/v7e-m+fp/hard\libc_nano.a(lib_a-nano-svfprintf.o)
                0x000000000800f594                __ssputs_r
 *fill*         0x000000000800f64a        0x2 
 .text._svfprintf_r
                0x000000000800f64c      0x200 c:/st/stm32cubeide_1.12.1/stm32cubeide/plugins/com.st.stm32cube.ide.mcu.externaltools.gnu-tools-for-stm32.10.3-2021.10.win32_1.0.200.202301161003/tools/bin/../lib/gcc/arm-none-eabi/10.3.1/../../../../arm-none-eabi/lib/thumb/v7e-m+fp/hard\libc_nano.a(lib_a-nano-svfprintf.o)
                0x000000000800f64c                _svfiprintf_r
                0x000000000800f64c                _svfprintf_r
 .text.__sfputc_r
                0x000000000800f84c       0x2e c:/st/stm32cubeide_1.12.1/stm32cubeide/plugins/com.st.stm32cube.ide.mcu.externaltools.gnu-tools-for-stm32.10.3-2021.10.win32_1.0.200.202301161003/tools/bin/../lib/gcc/arm-none-eabi/10.3.1/../../../../arm-none-eabi/lib/thumb/v7e-m+fp/hard\libc_nano.a(lib_a-nano-vfprintf.o)
 .text.__sfputs_r
                0x000000000800f87a       0x24 c:/st/stm32cubeide_1.12.1/stm32cubeide/plugins/com.st.stm32cube.ide.mcu.externaltools.gnu-tools-for-stm32.10.3-2021.10.win32_1.0.200.202301161003/tools/bin/../lib/gcc/arm-none-eabi/10.3.1/../../../../arm-none-eabi/lib/thumb/v7e-m+fp/hard\libc_nano.a(lib_a-nano-vfprintf.o)
                0x000000000800f87a                __sfputs_r
 *fill*         0x000000000800f89e        0x2 
 .text._vfprintf_r
                0x000000000800f8a0      0x260 c:/st/stm32cubeide_1.12.1/stm32cubeide/plugins/com.st.stm32cube.ide.mcu.externaltools.gnu-tools-for-stm32.10.3-2021.10.win32_1.0.200.202301161003/tools/bin/../lib/gcc/arm-none-eabi/10.3.1/../../../../arm-none-eabi/lib/thumb/v7e-m+fp/hard\libc_nano.a(lib_a-nano-vfprintf.o)
                0x000000000800f8a0                _vfprintf_r
                0x000000000800f8a0                _vfiprintf_r
 .text._sbrk_r  0x000000000800fb00       0x20 c:/st/stm32cubeide_1.12.1/stm32cubeide/plugins/com.st.stm32cube.ide.mcu.externaltools.gnu-tools-for-stm32.10.3-2021.10.win32_1.0.200.202301161003/tools/bin/../lib/gcc/arm-none-eabi/10.3.1/../../../../arm-none-eabi/lib/thumb/v7e-m+fp/hard\libc_nano.a(lib_a-sbrkr.o)
                0x000000000800fb00                _sbrk_r
 .text.__sread  0x000000000800fb20       0x22 c:/st/stm32cubeide_1.12.1/stm32cubeide/plugins/com.st.stm32cube.ide.mcu.externaltools.gnu-tools-for-stm32.10.3-2021.10.win32_1.0.200.202301161003/tools/bin/../lib/gcc/arm-none-eabi/10.3.1/../../../../arm-none-eabi/lib/thumb/v7e-m+fp/hard\libc_nano.a(lib_a-stdio.o)
                0x000000000800fb20                __sread
 .text.__swrite
                0x000000000800fb42       0x38 c:/st/stm32cubeide_1.12.1/stm32cubeide/plugins/com.st.stm32cube.ide.mcu.externaltools.gnu-tools-for-stm32.10.3-2021.10.win32_1.0.200.202301161003/tools/bin/../lib/gcc/arm-none-eabi/10.3.1/../../../../arm-none-eabi/lib/thumb/v7e-m+fp/hard\libc_nano.a(lib_a-stdio.o)
                0x000000000800fb42                __swrite
 .text.__sseek  0x000000000800fb7a       0x24 c:/st/stm32cubeide_1.12.1/stm32cubeide/plugins/com.st.stm32cube.ide.mcu.externaltools.gnu-tools-for-stm32.10.3-2021.10.win32_1.0.200.202301161003/tools/bin/../lib/gcc/arm-none-eabi/10.3.1/../../../../arm-none-eabi/lib/thumb/v7e-m+fp/hard\libc_nano.a(lib_a-stdio.o)
                0x000000000800fb7a                __sseek
 .text.__sclose
                0x000000000800fb9e        0x8 c:/st/stm32cubeide_1.12.1/stm32cubeide/plugins/com.st.stm32cube.ide.mcu.externaltools.gnu-tools-for-stm32.10.3-2021.10.win32_1.0.200.202301161003/tools/bin/../lib/gcc/arm-none-eabi/10.3.1/../../../../arm-none-eabi/lib/thumb/v7e-m+fp/hard\libc_nano.a(lib_a-stdio.o)
                0x000000000800fb9e                __sclose
 *fill*         0x000000000800fba6        0x2 
 .text.__swbuf_r
                0x000000000800fba8       0xa4 c:/st/stm32cubeide_1.12.1/stm32cubeide/plugins/com.st.stm32cube.ide.mcu.externaltools.gnu-tools-for-stm32.10.3-2021.10.win32_1.0.200.202301161003/tools/bin/../lib/gcc/arm-none-eabi/10.3.1/../../../../arm-none-eabi/lib/thumb/v7e-m+fp/hard\libc_nano.a(lib_a-wbuf.o)
                0x000000000800fba8                __swbuf_r
 .text._write_r
                0x000000000800fc4c       0x24 c:/st/stm32cubeide_1.12.1/stm32cubeide/plugins/com.st.stm32cube.ide.mcu.externaltools.gnu-tools-for-stm32.10.3-2021.10.win32_1.0.200.202301161003/tools/bin/../lib/gcc/arm-none-eabi/10.3.1/../../../../arm-none-eabi/lib/thumb/v7e-m+fp/hard\libc_nano.a(lib_a-writer.o)
                0x000000000800fc4c                _write_r
 .text.__swsetup_r
                0x000000000800fc70       0xdc c:/st/stm32cubeide_1.12.1/stm32cubeide/plugins/com.st.stm32cube.ide.mcu.externaltools.gnu-tools-for-stm32.10.3-2021.10.win32_1.0.200.202301161003/tools/bin/../lib/gcc/arm-none-eabi/10.3.1/../../../../arm-none-eabi/lib/thumb/v7e-m+fp/hard\libc_nano.a(lib_a-wsetup.o)
                0x000000000800fc70                __swsetup_r
 .text.__assert_func
                0x000000000800fd4c       0x3c c:/st/stm32cubeide_1.12.1/stm32cubeide/plugins/com.st.stm32cube.ide.mcu.externaltools.gnu-tools-for-stm32.10.3-2021.10.win32_1.0.200.202301161003/tools/bin/../lib/gcc/arm-none-eabi/10.3.1/../../../../arm-none-eabi/lib/thumb/v7e-m+fp/hard\libc_nano.a(lib_a-assert.o)
                0x000000000800fd4c                __assert_func
 .text._close_r
                0x000000000800fd88       0x20 c:/st/stm32cubeide_1.12.1/stm32cubeide/plugins/com.st.stm32cube.ide.mcu.externaltools.gnu-tools-for-stm32.10.3-2021.10.win32_1.0.200.202301161003/tools/bin/../lib/gcc/arm-none-eabi/10.3.1/../../../../arm-none-eabi/lib/thumb/v7e-m+fp/hard\libc_nano.a(lib_a-closer.o)
                0x000000000800fd88                _close_r
 .text.__sflush_r
                0x000000000800fda8      0x10c c:/st/stm32cubeide_1.12.1/stm32cubeide/plugins/com.st.stm32cube.ide.mcu.externaltools.gnu-tools-for-stm32.10.3-2021.10.win32_1.0.200.202301161003/tools/bin/../lib/gcc/arm-none-eabi/10.3.1/../../../../arm-none-eabi/lib/thumb/v7e-m+fp/hard\libc_nano.a(lib_a-fflush.o)
                0x000000000800fda8                __sflush_r
 .text._fflush_r
                0x000000000800feb4       0x78 c:/st/stm32cubeide_1.12.1/stm32cubeide/plugins/com.st.stm32cube.ide.mcu.externaltools.gnu-tools-for-stm32.10.3-2021.10.win32_1.0.200.202301161003/tools/bin/../lib/gcc/arm-none-eabi/10.3.1/../../../../arm-none-eabi/lib/thumb/v7e-m+fp/hard\libc_nano.a(lib_a-fflush.o)
                0x000000000800feb4                _fflush_r
 .text.fprintf  0x000000000800ff2c       0x24 c:/st/stm32cubeide_1.12.1/stm32cubeide/plugins/com.st.stm32cube.ide.mcu.externaltools.gnu-tools-for-stm32.10.3-2021.10.win32_1.0.200.202301161003/tools/bin/../lib/gcc/arm-none-eabi/10.3.1/../../../../arm-none-eabi/lib/thumb/v7e-m+fp/hard\libc_nano.a(lib_a-fprintf.o)
                0x000000000800ff2c                fiprintf
                0x000000000800ff2c                fprintf
 .text._lseek_r
                0x000000000800ff50       0x24 c:/st/stm32cubeide_1.12.1/stm32cubeide/plugins/com.st.stm32cube.ide.mcu.externaltools.gnu-tools-for-stm32.10.3-2021.10.win32_1.0.200.202301161003/tools/bin/../lib/gcc/arm-none-eabi/10.3.1/../../../../arm-none-eabi/lib/thumb/v7e-m+fp/hard\libc_nano.a(lib_a-lseekr.o)